Archive member included to satisfy reference by file (symbol)

/usr/lib/gcc/arm-none-eabi/9.2.1/../../../arm-none-eabi/lib/thumb/v7e-m+fp/hard/libc_nano.a(lib_a-atexit.o)
                              /usr/lib/gcc/arm-none-eabi/9.2.1/../../../arm-none-eabi/lib/thumb/v7e-m+fp/hard/crt0.o (atexit)
/usr/lib/gcc/arm-none-eabi/9.2.1/../../../arm-none-eabi/lib/thumb/v7e-m+fp/hard/libc_nano.a(lib_a-atoi.o)
                              build/netif.o (atoi)
/usr/lib/gcc/arm-none-eabi/9.2.1/../../../arm-none-eabi/lib/thumb/v7e-m+fp/hard/libc_nano.a(lib_a-ctype_.o)
                              build/ip4_addr.o (_ctype_)
/usr/lib/gcc/arm-none-eabi/9.2.1/../../../arm-none-eabi/lib/thumb/v7e-m+fp/hard/libc_nano.a(lib_a-exit.o)
                              /usr/lib/gcc/arm-none-eabi/9.2.1/../../../arm-none-eabi/lib/thumb/v7e-m+fp/hard/crt0.o (exit)
/usr/lib/gcc/arm-none-eabi/9.2.1/../../../arm-none-eabi/lib/thumb/v7e-m+fp/hard/libc_nano.a(lib_a-fini.o)
                              /usr/lib/gcc/arm-none-eabi/9.2.1/../../../arm-none-eabi/lib/thumb/v7e-m+fp/hard/crt0.o (__libc_fini_array)
/usr/lib/gcc/arm-none-eabi/9.2.1/../../../arm-none-eabi/lib/thumb/v7e-m+fp/hard/libc_nano.a(lib_a-impure.o)
                              /usr/lib/gcc/arm-none-eabi/9.2.1/../../../arm-none-eabi/lib/thumb/v7e-m+fp/hard/libc_nano.a(lib_a-exit.o) (_global_impure_ptr)
/usr/lib/gcc/arm-none-eabi/9.2.1/../../../arm-none-eabi/lib/thumb/v7e-m+fp/hard/libc_nano.a(lib_a-init.o)
                              /usr/lib/gcc/arm-none-eabi/9.2.1/../../../arm-none-eabi/lib/thumb/v7e-m+fp/hard/crt0.o (__libc_init_array)
/usr/lib/gcc/arm-none-eabi/9.2.1/../../../arm-none-eabi/lib/thumb/v7e-m+fp/hard/libc_nano.a(lib_a-memcmp.o)
                              build/bridgeif_fdb.o (memcmp)
/usr/lib/gcc/arm-none-eabi/9.2.1/../../../arm-none-eabi/lib/thumb/v7e-m+fp/hard/libc_nano.a(lib_a-memcpy.o)
                              build/ethernetif.o (memcpy)
/usr/lib/gcc/arm-none-eabi/9.2.1/../../../arm-none-eabi/lib/thumb/v7e-m+fp/hard/libc_nano.a(lib_a-memmove.o)
                              build/def.o (memmove)
/usr/lib/gcc/arm-none-eabi/9.2.1/../../../arm-none-eabi/lib/thumb/v7e-m+fp/hard/libc_nano.a(lib_a-memset.o)
                              /usr/lib/gcc/arm-none-eabi/9.2.1/../../../arm-none-eabi/lib/thumb/v7e-m+fp/hard/crt0.o (memset)
/usr/lib/gcc/arm-none-eabi/9.2.1/../../../arm-none-eabi/lib/thumb/v7e-m+fp/hard/libc_nano.a(lib_a-printf.o)
                              build/ethernetif.o (printf)
/usr/lib/gcc/arm-none-eabi/9.2.1/../../../arm-none-eabi/lib/thumb/v7e-m+fp/hard/libc_nano.a(lib_a-rand.o)
                              build/tcp.o (rand)
/usr/lib/gcc/arm-none-eabi/9.2.1/../../../arm-none-eabi/lib/thumb/v7e-m+fp/hard/libc_nano.a(lib_a-snprintf.o)
                              build/lwip.o (snprintf)
/usr/lib/gcc/arm-none-eabi/9.2.1/../../../arm-none-eabi/lib/thumb/v7e-m+fp/hard/libc_nano.a(lib_a-strlen.o)
                              build/lwip.o (strlen)
/usr/lib/gcc/arm-none-eabi/9.2.1/../../../arm-none-eabi/lib/thumb/v7e-m+fp/hard/libc_nano.a(lib_a-strncmp.o)
                              build/def.o (strncmp)
/usr/lib/gcc/arm-none-eabi/9.2.1/../../../arm-none-eabi/lib/thumb/v7e-m+fp/hard/libc_nano.a(lib_a-strtol.o)
                              /usr/lib/gcc/arm-none-eabi/9.2.1/../../../arm-none-eabi/lib/thumb/v7e-m+fp/hard/libc_nano.a(lib_a-atoi.o) (_strtol_r)
/usr/lib/gcc/arm-none-eabi/9.2.1/../../../arm-none-eabi/lib/thumb/v7e-m+fp/hard/libc_nano.a(lib_a-__atexit.o)
                              /usr/lib/gcc/arm-none-eabi/9.2.1/../../../arm-none-eabi/lib/thumb/v7e-m+fp/hard/libc_nano.a(lib_a-atexit.o) (__register_exitproc)
/usr/lib/gcc/arm-none-eabi/9.2.1/../../../arm-none-eabi/lib/thumb/v7e-m+fp/hard/libc_nano.a(lib_a-__call_atexit.o)
                              /usr/lib/gcc/arm-none-eabi/9.2.1/../../../arm-none-eabi/lib/thumb/v7e-m+fp/hard/libc_nano.a(lib_a-__atexit.o) (__call_exitprocs)
/usr/lib/gcc/arm-none-eabi/9.2.1/../../../arm-none-eabi/lib/thumb/v7e-m+fp/hard/libc_nano.a(lib_a-assert.o)
                              /usr/lib/gcc/arm-none-eabi/9.2.1/../../../arm-none-eabi/lib/thumb/v7e-m+fp/hard/libc_nano.a(lib_a-rand.o) (__assert_func)
/usr/lib/gcc/arm-none-eabi/9.2.1/../../../arm-none-eabi/lib/thumb/v7e-m+fp/hard/libc_nano.a(lib_a-errno.o)
                              /usr/lib/gcc/arm-none-eabi/9.2.1/../../../arm-none-eabi/lib/thumb/v7e-m+fp/hard/libc_nano.a(lib_a-strtol.o) (__errno)
/usr/lib/gcc/arm-none-eabi/9.2.1/../../../arm-none-eabi/lib/thumb/v7e-m+fp/hard/libc_nano.a(lib_a-findfp.o)
                              /usr/lib/gcc/arm-none-eabi/9.2.1/../../../arm-none-eabi/lib/thumb/v7e-m+fp/hard/libc_nano.a(lib_a-printf.o) (__sinit)
/usr/lib/gcc/arm-none-eabi/9.2.1/../../../arm-none-eabi/lib/thumb/v7e-m+fp/hard/libc_nano.a(lib_a-fprintf.o)
                              /usr/lib/gcc/arm-none-eabi/9.2.1/../../../arm-none-eabi/lib/thumb/v7e-m+fp/hard/libc_nano.a(lib_a-assert.o) (fiprintf)
[...]
Memory Configuration

Name             Origin             Length             Attributes
RAM              0x0000000020000000 0x0000000000030000 xrw
CCMRAM           0x0000000010000000 0x0000000000010000 xrw
FLASH            0x0000000008000000 0x0000000000200000 xr
*default*        0x0000000000000000 0xffffffffffffffff

Linker script and memory map

LOAD /usr/lib/gcc/arm-none-eabi/9.2.1/thumb/v7e-m+fp/hard/crti.o
LOAD /usr/lib/gcc/arm-none-eabi/9.2.1/thumb/v7e-m+fp/hard/crtbegin.o
LOAD /usr/lib/gcc/arm-none-eabi/9.2.1/../../../arm-none-eabi/lib/thumb/v7e-m+fp/hard/crt0.o
LOAD build/main.o
LOAD build/freertos.o
LOAD build/lwip.o
LOAD build/ethernetif.o
LOAD build/stm32f4xx_it.o
LOAD build/stm32f4xx_hal_msp.o
LOAD build/stm32f4xx_hal_eth.o
LOAD build/stm32f4xx_hal_rcc.o
LOAD build/stm32f4xx_hal_rcc_ex.o
LOAD build/stm32f4xx_hal_flash.o
LOAD build/stm32f4xx_hal_flash_ex.o
LOAD build/stm32f4xx_hal_flash_ramfunc.o
LOAD build/stm32f4xx_hal_gpio.o
LOAD build/stm32f4xx_hal_dma_ex.o
LOAD build/stm32f4xx_hal_dma.o
LOAD build/stm32f4xx_hal_pwr.o
LOAD build/stm32f4xx_hal_pwr_ex.o
LOAD build/stm32f4xx_hal_cortex.o
LOAD build/stm32f4xx_hal.o
LOAD build/stm32f4xx_hal_exti.o
LOAD build/stm32f4xx_hal_tim.o
LOAD build/stm32f4xx_hal_tim_ex.o
LOAD build/stm32f4xx_hal_uart.o
LOAD build/stm32f4xx_hal_pcd.o
LOAD build/stm32f4xx_hal_pcd_ex.o
LOAD build/stm32f4xx_ll_usb.o
LOAD build/system_stm32f4xx.o
LOAD build/croutine.o
LOAD build/event_groups.o
LOAD build/list.o
LOAD build/queue.o
LOAD build/stream_buffer.o
LOAD build/tasks.o
LOAD build/timers.o
LOAD build/cmsis_os2.o
LOAD build/heap_4.o
LOAD build/port.o
LOAD build/auth.o
LOAD build/ccp.o
LOAD build/chap_ms.o
LOAD build/chap-md5.o
LOAD build/chap-new.o
LOAD build/demand.o
LOAD build/eap.o
LOAD build/eui64.o
LOAD build/fsm.o
LOAD build/ipcp.o
LOAD build/ipv6cp.o
LOAD build/lcp.o
LOAD build/magic.o
LOAD build/mppe.o
LOAD build/multilink.o
LOAD build/ppp.o
LOAD build/pppapi.o
LOAD build/pppcrypt.o
LOAD build/pppoe.o
LOAD build/pppol2tp.o
LOAD build/pppos.o
LOAD build/upap.o
LOAD build/utils.o
LOAD build/vj.o
LOAD build/bridgeif.o
LOAD build/bridgeif_fdb.o
LOAD build/ethernet.o
LOAD build/lowpan6.o
LOAD build/lowpan6_ble.o
LOAD build/lowpan6_common.o
LOAD build/slipif.o
LOAD build/zepif.o
LOAD build/ecp.o
LOAD build/netifapi.o
LOAD build/api_lib.o
LOAD build/sockets.o
LOAD build/if_api.o
LOAD build/netdb.o
LOAD build/err.o
LOAD build/netbuf.o
LOAD build/api_msg.o
LOAD build/tcpip.o
LOAD build/init.o
LOAD build/def.o
LOAD build/sys.o
LOAD build/timeouts.o
LOAD build/tcp.o
LOAD build/mem.o
LOAD build/altcp_tcp.o
LOAD build/altcp_alloc.o
LOAD build/netif.o
LOAD build/tcp_out.o
LOAD build/stats.o
LOAD build/pbuf.o
LOAD build/ip.o
LOAD build/memp.o
LOAD build/dns.o
LOAD build/altcp.o
LOAD build/udp.o
LOAD build/inet_chksum.o
LOAD build/tcp_in.o
LOAD build/raw.o
LOAD build/ip4_addr.o
LOAD build/autoip.o
LOAD build/ip4_frag.o
LOAD build/dhcp.o
LOAD build/icmp.o
LOAD build/igmp.o
LOAD build/ip4.o
LOAD build/etharp.o
LOAD build/ip6_frag.o
LOAD build/nd6.o
LOAD build/inet6.o
LOAD build/ethip6.o
LOAD build/dhcp6.o
LOAD build/ip6.o
LOAD build/mld6.o
LOAD build/icmp6.o
LOAD build/ip6_addr.o
LOAD build/sys_arch.o
LOAD build/mqtt.o
LOAD build/startup_stm32f429xx.o
LOAD /usr/lib/gcc/arm-none-eabi/9.2.1/../../../arm-none-eabi/lib/thumb/v7e-m+fp/hard/libc_nano.a
LOAD /usr/lib/gcc/arm-none-eabi/9.2.1/../../../arm-none-eabi/lib/thumb/v7e-m+fp/hard/libm.a
LOAD /usr/lib/gcc/arm-none-eabi/9.2.1/../../../arm-none-eabi/lib/thumb/v7e-m+fp/hard/libnosys.a
START GROUP
LOAD /usr/lib/gcc/arm-none-eabi/9.2.1/thumb/v7e-m+fp/hard/libgcc.a
LOAD /usr/lib/gcc/arm-none-eabi/9.2.1/../../../arm-none-eabi/lib/thumb/v7e-m+fp/hard/libc_nano.a
END GROUP
START GROUP
LOAD /usr/lib/gcc/arm-none-eabi/9.2.1/thumb/v7e-m+fp/hard/libgcc.a
LOAD /usr/lib/gcc/arm-none-eabi/9.2.1/../../../arm-none-eabi/lib/thumb/v7e-m+fp/hard/libc_nano.a
END GROUP
LOAD /usr/lib/gcc/arm-none-eabi/9.2.1/thumb/v7e-m+fp/hard/crtend.o
LOAD /usr/lib/gcc/arm-none-eabi/9.2.1/thumb/v7e-m+fp/hard/crtn.o
                0x0000000020030000                _estack = 0x20030000
                0x0000000000000200                _Min_Heap_Size = 0x200
                0x0000000000000400                _Min_Stack_Size = 0x400

.isr_vector     0x0000000008000000      0x1ac
                0x0000000008000000                . = ALIGN (0x4)
 *(.isr_vector)
 .isr_vector    0x0000000008000000      0x1ac build/startup_stm32f429xx.o
                0x0000000008000000                g_pfnVectors
                0x00000000080001ac                . = ALIGN (0x4)

.text           0x00000000080001c0    0x12538
                0x00000000080001c0                . = ALIGN (0x4)
 *(.text)
 .text          0x00000000080001c0       0x88 /usr/lib/gcc/arm-none-eabi/9.2.1/thumb/v7e-m+fp/hard/crtbegin.o
 .text          0x0000000008000248       0x48 /usr/lib/gcc/arm-none-eabi/9.2.1/../../../arm-none-eabi/lib/thumb/v7e-m+fp/hard/libc_nano.a(lib_a-init.o)
                0x0000000008000248                __libc_init_array
 .text          0x0000000008000290       0x60 /usr/lib/gcc/arm-none-eabi/9.2.1/../../../arm-none-eabi/lib/thumb/v7e-m+fp/hard/libc_nano.a(lib_a-memcmp.o)
                0x0000000008000290                memcmp
 .text          0x00000000080002f0      0x134 /usr/lib/gcc/arm-none-eabi/9.2.1/../../../arm-none-eabi/lib/thumb/v7e-m+fp/hard/libc_nano.a(lib_a-memcpy.o)
                0x00000000080002f0                memcpy
 .text          0x0000000008000424       0xd0 /usr/lib/gcc/arm-none-eabi/9.2.1/../../../arm-none-eabi/lib/thumb/v7e-m+fp/hard/libc_nano.a(lib_a-memmove.o)
                0x0000000008000424                memmove
 .text          0x00000000080004f4       0xa0 /usr/lib/gcc/arm-none-eabi/9.2.1/../../../arm-none-eabi/lib/thumb/v7e-m+fp/hard/libc_nano.a(lib_a-memset.o)
                0x00000000080004f4                memset
 .text          0x0000000008000594       0x68 /usr/lib/gcc/arm-none-eabi/9.2.1/../../../arm-none-eabi/lib/thumb/v7e-m+fp/hard/libc_nano.a(lib_a-printf.o)
                0x0000000008000594                _printf_r
                0x0000000008000594                _iprintf_r
                0x00000000080005c4                printf
                0x00000000080005c4                iprintf
 .text          0x00000000080005fc       0xf4 /usr/lib/gcc/arm-none-eabi/9.2.1/../../../arm-none-eabi/lib/thumb/v7e-m+fp/hard/libc_nano.a(lib_a-rand.o)
                0x00000000080005fc                srand
                0x0000000008000660                rand
 .text          0x00000000080006f0      0x110 /usr/lib/gcc/arm-none-eabi/9.2.1/../../../arm-none-eabi/lib/thumb/v7e-m+fp/hard/libc_nano.a(lib_a-snprintf.o)
                0x00000000080006f0                _sniprintf_r
                0x00000000080006f0                _snprintf_r
                0x0000000008000774                snprintf
                0x0000000008000774                sniprintf
 .text          0x0000000008000800       0xdc /usr/lib/gcc/arm-none-eabi/9.2.1/../../../arm-none-eabi/lib/thumb/v7e-m+fp/hard/libc_nano.a(lib_a-strlen.o)
                0x0000000008000800                strlen
 .text          0x00000000080008dc       0x48 /usr/lib/gcc/arm-none-eabi/9.2.1/../../../arm-none-eabi/lib/thumb/v7e-m+fp/hard/libc_nano.a(lib_a-assert.o)
                0x00000000080008dc                __assert_func
                0x0000000008000918                __assert
 .text          0x0000000008000924      0x210 /usr/lib/gcc/arm-none-eabi/9.2.1/../../../arm-none-eabi/lib/thumb/v7e-m+fp/hard/libc_nano.a(lib_a-findfp.o)
                0x0000000008000928                _cleanup_r
                0x0000000008000938                __sfmoreglue
                0x0000000008000968                __sfp
                0x0000000008000ae0                _cleanup
                0x0000000008000af4                __sinit
                0x0000000008000afc                __sfp_lock_acquire
                0x0000000008000b00                __sfp_lock_release
                0x0000000008000b04                __sinit_lock_acquire
                0x0000000008000b08                __sinit_lock_release
                0x0000000008000b0c                __fp_lock_all
                0x0000000008000b20                __fp_unlock_all
 .text          0x0000000008000b34       0x44 /usr/lib/gcc/arm-none-eabi/9.2.1/../../../arm-none-eabi/lib/thumb/v7e-m+fp/hard/libc_nano.a(lib_a-fprintf.o)
                0x0000000008000b34                _fprintf_r
                0x0000000008000b34                _fiprintf_r
                0x0000000008000b50                fprintf
                0x0000000008000b50                fiprintf
 .text          0x0000000008000b78       0xa0 /usr/lib/gcc/arm-none-eabi/9.2.1/../../../arm-none-eabi/lib/thumb/v7e-m+fp/hard/libc_nano.a(lib_a-fwalk.o)
                0x0000000008000b78                _fwalk
                0x0000000008000bc4                _fwalk_reent
 .text          0x0000000008000c18       0x20 /usr/lib/gcc/arm-none-eabi/9.2.1/../../../arm-none-eabi/lib/thumb/v7e-m+fp/hard/libc_nano.a(lib_a-malloc.o)
                0x0000000008000c18                malloc
                0x0000000008000c28                free
 .text          0x0000000008000c38       0xac /usr/lib/gcc/arm-none-eabi/9.2.1/../../../arm-none-eabi/lib/thumb/v7e-m+fp/hard/libc_nano.a(lib_a-nano-freer.o)
                0x0000000008000c38                _free_r
 .text          0x0000000008000ce4       0xc8 /usr/lib/gcc/arm-none-eabi/9.2.1/../../../arm-none-eabi/lib/thumb/v7e-m+fp/hard/libc_nano.a(lib_a-nano-mallocr.o)
                0x0000000008000ce4                _malloc_r
 .text          0x0000000008000dac      0x42c /usr/lib/gcc/arm-none-eabi/9.2.1/../../../arm-none-eabi/lib/thumb/v7e-m+fp/hard/libc_nano.a(lib_a-nano-svfprintf.o)
                0x0000000008000dac                __ssputs_r
                0x0000000008000e6c                __ssprint_r
                0x0000000008000f64                _svfprintf_r
                0x0000000008000f64                _svfiprintf_r
 .text          0x00000000080011d8      0x364 /usr/lib/gcc/arm-none-eabi/9.2.1/../../../arm-none-eabi/lib/thumb/v7e-m+fp/hard/libc_nano.a(lib_a-nano-vfprintf.o)
                0x0000000008001214                __sfputs_r
                0x0000000008001244                __sprint_r
                0x0000000008001260                _vfiprintf_r
                0x0000000008001260                _vfprintf_r
                0x0000000008001524                vfiprintf
                0x0000000008001524                vfprintf
 .text          0x000000000800153c      0x3c4 /usr/lib/gcc/arm-none-eabi/9.2.1/../../../arm-none-eabi/lib/thumb/v7e-m+fp/hard/libc_nano.a(lib_a-nano-vfprintf_i.o)
                0x000000000800153c                _printf_common
                0x0000000008001668                _printf_i
 .text          0x0000000008001900       0x24 /usr/lib/gcc/arm-none-eabi/9.2.1/../../../arm-none-eabi/lib/thumb/v7e-m+fp/hard/libc_nano.a(lib_a-sbrkr.o)
                0x0000000008001900                _sbrk_r
 .text          0x0000000008001924       0x90 /usr/lib/gcc/arm-none-eabi/9.2.1/../../../arm-none-eabi/lib/thumb/v7e-m+fp/hard/libc_nano.a(lib_a-stdio.o)
                0x0000000008001924                __sread
                0x0000000008001948                __seofread
                0x000000000800194c                __swrite
                0x000000000800198c                __sseek
                0x00000000080019ac                __sclose
 .text          0x00000000080019b4       0xc0 /usr/lib/gcc/arm-none-eabi/9.2.1/../../../arm-none-eabi/lib/thumb/v7e-m+fp/hard/libc_nano.a(lib_a-wbuf.o)
                0x00000000080019b4                __swbuf_r
                0x0000000008001a64                __swbuf
 .text          0x0000000008001a74       0x2c /usr/lib/gcc/arm-none-eabi/9.2.1/../../../arm-none-eabi/lib/thumb/v7e-m+fp/hard/libc_nano.a(lib_a-writer.o)
                0x0000000008001a74                _write_r
 .text          0x0000000008001aa0      0x100 /usr/lib/gcc/arm-none-eabi/9.2.1/../../../arm-none-eabi/lib/thumb/v7e-m+fp/hard/libc_nano.a(lib_a-wsetup.o)
                0x0000000008001aa0                __swsetup_r
 .text          0x0000000008001ba0       0x10 /usr/lib/gcc/arm-none-eabi/9.2.1/../../../arm-none-eabi/lib/thumb/v7e-m+fp/hard/libc_nano.a(lib_a-abort.o)
                0x0000000008001ba0                abort
 .text          0x0000000008001bb0       0x24 /usr/lib/gcc/arm-none-eabi/9.2.1/../../../arm-none-eabi/lib/thumb/v7e-m+fp/hard/libc_nano.a(lib_a-closer.o)
                0x0000000008001bb0                _close_r
 .text          0x0000000008001bd4      0x1b0 /usr/lib/gcc/arm-none-eabi/9.2.1/../../../arm-none-eabi/lib/thumb/v7e-m+fp/hard/libc_nano.a(lib_a-fflush.o)
                0x0000000008001bd4                __sflush_r
                0x0000000008001d00                _fflush_r
                0x0000000008001d60                fflush
 .text          0x0000000008001d84      0x308 /usr/lib/gcc/arm-none-eabi/9.2.1/../../../arm-none-eabi/lib/thumb/v7e-m+fp/hard/libc_nano.a(lib_a-fvwrite.o)
                0x0000000008001d84                __sfvwrite_r
 .text          0x000000000800208c       0x2c /usr/lib/gcc/arm-none-eabi/9.2.1/../../../arm-none-eabi/lib/thumb/v7e-m+fp/hard/libc_nano.a(lib_a-lseekr.o)
                0x000000000800208c                _lseek_r
 .text          0x00000000080020b8       0xf0 /usr/lib/gcc/arm-none-eabi/9.2.1/../../../arm-none-eabi/lib/thumb/v7e-m+fp/hard/libc_nano.a(lib_a-makebuf.o)
                0x00000000080020b8                __swhatbuf_r
                0x0000000008002114                __smakebuf_r
 *fill*         0x00000000080021a8        0x8 
 .text          0x00000000080021b0       0xa0 /usr/lib/gcc/arm-none-eabi/9.2.1/../../../arm-none-eabi/lib/thumb/v7e-m+fp/hard/libc_nano.a(lib_a-memchr.o)
                0x00000000080021b0                memchr
 .text          0x0000000008002250        0x8 /usr/lib/gcc/arm-none-eabi/9.2.1/../../../arm-none-eabi/lib/thumb/v7e-m+fp/hard/libc_nano.a(lib_a-mlock.o)
                0x0000000008002250                __malloc_lock
                0x0000000008002254                __malloc_unlock
 .text          0x0000000008002258       0x4c /usr/lib/gcc/arm-none-eabi/9.2.1/../../../arm-none-eabi/lib/thumb/v7e-m+fp/hard/libc_nano.a(lib_a-nano-reallocr.o)
                0x0000000008002258                _realloc_r
 .text          0x00000000080022a4       0x2c /usr/lib/gcc/arm-none-eabi/9.2.1/../../../arm-none-eabi/lib/thumb/v7e-m+fp/hard/libc_nano.a(lib_a-readr.o)
                0x00000000080022a4                _read_r
 .text          0x00000000080022d0      0x150 /usr/lib/gcc/arm-none-eabi/9.2.1/../../../arm-none-eabi/lib/thumb/v7e-m+fp/hard/libc_nano.a(lib_a-signal.o)
                0x00000000080022f8                _init_signal_r
                0x0000000008002304                _signal_r
                0x0000000008002338                _raise_r
                0x000000000800238c                __sigtramp_r
                0x00000000080023dc                raise
                0x00000000080023ec                signal
                0x00000000080023fc                _init_signal
                0x0000000008002410                __sigtramp
 .text          0x0000000008002420       0x2c /usr/lib/gcc/arm-none-eabi/9.2.1/../../../arm-none-eabi/lib/thumb/v7e-m+fp/hard/libc_nano.a(lib_a-signalr.o)
                0x0000000008002420                _kill_r
                0x0000000008002448                _getpid_r
 .text          0x000000000800244c       0x28 /usr/lib/gcc/arm-none-eabi/9.2.1/../../../arm-none-eabi/lib/thumb/v7e-m+fp/hard/libc_nano.a(lib_a-fstatr.o)
                0x000000000800244c                _fstat_r
 .text          0x0000000008002474       0x24 /usr/lib/gcc/arm-none-eabi/9.2.1/../../../arm-none-eabi/lib/thumb/v7e-m+fp/hard/libc_nano.a(lib_a-isattyr.o)
                0x0000000008002474                _isatty_r
 .text          0x0000000008002498       0x10 /usr/lib/gcc/arm-none-eabi/9.2.1/../../../arm-none-eabi/lib/thumb/v7e-m+fp/hard/libc_nano.a(lib_a-nano-msizer.o)
                0x0000000008002498                _malloc_usable_size_r
 .text          0x00000000080024a8       0x10 /usr/lib/gcc/arm-none-eabi/9.2.1/../../../arm-none-eabi/lib/thumb/v7e-m+fp/hard/libnosys.a(close.o)
                0x00000000080024a8                _close
 .text          0x00000000080024b8       0x10 /usr/lib/gcc/arm-none-eabi/9.2.1/../../../arm-none-eabi/lib/thumb/v7e-m+fp/hard/libnosys.a(fstat.o)
                0x00000000080024b8                _fstat
 .text          0x00000000080024c8       0x10 /usr/lib/gcc/arm-none-eabi/9.2.1/../../../arm-none-eabi/lib/thumb/v7e-m+fp/hard/libnosys.a(getpid.o)
                0x00000000080024c8                _getpid
 .text          0x00000000080024d8       0x10 /usr/lib/gcc/arm-none-eabi/9.2.1/../../../arm-none-eabi/lib/thumb/v7e-m+fp/hard/libnosys.a(isatty.o)
                0x00000000080024d8                _isatty
 .text          0x00000000080024e8       0x10 /usr/lib/gcc/arm-none-eabi/9.2.1/../../../arm-none-eabi/lib/thumb/v7e-m+fp/hard/libnosys.a(kill.o)
                0x00000000080024e8                _kill
 .text          0x00000000080024f8       0x10 /usr/lib/gcc/arm-none-eabi/9.2.1/../../../arm-none-eabi/lib/thumb/v7e-m+fp/hard/libnosys.a(lseek.o)
                0x00000000080024f8                _lseek
 .text          0x0000000008002508       0x10 /usr/lib/gcc/arm-none-eabi/9.2.1/../../../arm-none-eabi/lib/thumb/v7e-m+fp/hard/libnosys.a(read.o)
                0x0000000008002508                _read
 .text          0x0000000008002518       0x1c /usr/lib/gcc/arm-none-eabi/9.2.1/../../../arm-none-eabi/lib/thumb/v7e-m+fp/hard/libnosys.a(sbrk.o)
                0x0000000008002518                _sbrk
 .text          0x0000000008002534       0x10 /usr/lib/gcc/arm-none-eabi/9.2.1/../../../arm-none-eabi/lib/thumb/v7e-m+fp/hard/libnosys.a(write.o)
                0x0000000008002534                _write
 .text          0x0000000008002544        0x4 /usr/lib/gcc/arm-none-eabi/9.2.1/../../../arm-none-eabi/lib/thumb/v7e-m+fp/hard/libnosys.a(_exit.o)
                0x0000000008002544                _exit
 .text          0x0000000008002548       0x30 /usr/lib/gcc/arm-none-eabi/9.2.1/thumb/v7e-m+fp/hard/libgcc.a(_aeabi_uldivmod.o)
                0x0000000008002548                __aeabi_uldivmod
 .text          0x0000000008002578      0x2c4 /usr/lib/gcc/arm-none-eabi/9.2.1/thumb/v7e-m+fp/hard/libgcc.a(_udivmoddi4.o)
                0x0000000008002578                __udivmoddi4
 .text          0x000000000800283c        0x4 /usr/lib/gcc/arm-none-eabi/9.2.1/thumb/v7e-m+fp/hard/libgcc.a(_dvmd_tls.o)
                0x000000000800283c                __aeabi_ldiv0
                0x000000000800283c                __aeabi_idiv0
 *(.text*)
 .text.MX_GPIO_Init
                0x0000000008002840       0xbc build/main.o
 .text.StartDefaultTask
                0x00000000080028fc       0xf8 build/main.o
                0x00000000080028fc                StartDefaultTask
 .text.Error_Handler
                0x00000000080029f4        0x2 build/main.o
                0x00000000080029f4                Error_Handler
 *fill*         0x00000000080029f6        0x2 
 .text.MX_USART3_UART_Init
                0x00000000080029f8       0x34 build/main.o
 .text.SystemClock_Config
                0x0000000008002a2c       0xa8 build/main.o
                0x0000000008002a2c                SystemClock_Config
 .text.main     0x0000000008002ad4       0x58 build/main.o
                0x0000000008002ad4                main
 .text.MX_LWIP_Init
                0x0000000008002b2c       0xb4 build/lwip.o
                0x0000000008002b2c                MX_LWIP_Init
 .text.low_level_input
                0x0000000008002be0       0xd8 build/ethernetif.o
 .text.ethernetif_input
                0x0000000008002cb8       0x4c build/ethernetif.o
                0x0000000008002cb8                ethernetif_input
 .text.low_level_output
                0x0000000008002d04       0xbc build/ethernetif.o
 .text.low_level_init
                0x0000000008002dc0      0x12c build/ethernetif.o
 .text.HAL_ETH_MspInit
                0x0000000008002eec      0x130 build/ethernetif.o
                0x0000000008002eec                HAL_ETH_MspInit
 .text.HAL_ETH_RxCpltCallback
                0x000000000800301c       0x10 build/ethernetif.o
                0x000000000800301c                HAL_ETH_RxCpltCallback
 .text.ethernetif_init
                0x000000000800302c       0x48 build/ethernetif.o
                0x000000000800302c                ethernetif_init
 .text.sys_now  0x0000000008003074        0x8 build/ethernetif.o
                0x0000000008003074                sys_now
 .text.NMI_Handler
                0x000000000800307c        0x2 build/stm32f4xx_it.o
                0x000000000800307c                NMI_Handler
 .text.HardFault_Handler
                0x000000000800307e        0x2 build/stm32f4xx_it.o
                0x000000000800307e                HardFault_Handler
 .text.MemManage_Handler
                0x0000000008003080        0x2 build/stm32f4xx_it.o
                0x0000000008003080                MemManage_Handler
 .text.BusFault_Handler
                0x0000000008003082        0x2 build/stm32f4xx_it.o
                0x0000000008003082                BusFault_Handler
 .text.UsageFault_Handler
                0x0000000008003084        0x2 build/stm32f4xx_it.o
                0x0000000008003084                UsageFault_Handler
 .text.DebugMon_Handler
                0x0000000008003086        0x2 build/stm32f4xx_it.o
                0x0000000008003086                DebugMon_Handler
 .text.SysTick_Handler
                0x0000000008003088       0x16 build/stm32f4xx_it.o
                0x0000000008003088                SysTick_Handler
 *fill*         0x000000000800309e        0x2 
 .text.ETH_IRQHandler
                0x00000000080030a0       0x10 build/stm32f4xx_it.o
                0x00000000080030a0                ETH_IRQHandler
 .text.HAL_MspInit
                0x00000000080030b0       0x44 build/stm32f4xx_hal_msp.o
                0x00000000080030b0                HAL_MspInit
 .text.HAL_UART_MspInit
                0x00000000080030f4       0x74 build/stm32f4xx_hal_msp.o
                0x00000000080030f4                HAL_UART_MspInit
 .text.ETH_MACAddressConfig
                0x0000000008003168       0x30 build/stm32f4xx_hal_eth.o
 .text.ETH_DMATransmissionEnable
                0x0000000008003198       0x10 build/stm32f4xx_hal_eth.o
 .text.ETH_DMAReceptionEnable
                0x00000000080031a8       0x10 build/stm32f4xx_hal_eth.o
 .text.ETH_Delay
                0x00000000080031b8       0x2c build/stm32f4xx_hal_eth.o
 .text.ETH_MACTransmissionEnable
                0x00000000080031e4       0x2a build/stm32f4xx_hal_eth.o
 .text.ETH_MACReceptionEnable
                0x000000000800320e       0x2a build/stm32f4xx_hal_eth.o
 .text.ETH_FlushTransmitFIFO
                0x0000000008003238       0x2e build/stm32f4xx_hal_eth.o
 *fill*         0x0000000008003266        0x2 
 .text.ETH_MACDMAConfig
                0x0000000008003268      0x118 build/stm32f4xx_hal_eth.o
 .text.HAL_ETH_DMATxDescListInit
                0x0000000008003380       0x74 build/stm32f4xx_hal_eth.o
                0x0000000008003380                HAL_ETH_DMATxDescListInit
 .text.HAL_ETH_DMARxDescListInit
                0x00000000080033f4       0x6e build/stm32f4xx_hal_eth.o
                0x00000000080033f4                HAL_ETH_DMARxDescListInit
 *fill*         0x0000000008003462        0x2 
 .text.HAL_ETH_TransmitFrame
                0x0000000008003464      0x120 build/stm32f4xx_hal_eth.o
                0x0000000008003464                HAL_ETH_TransmitFrame
 .text.HAL_ETH_GetReceivedFrame_IT
                0x0000000008003584       0x98 build/stm32f4xx_hal_eth.o
                0x0000000008003584                HAL_ETH_GetReceivedFrame_IT
 .text.HAL_ETH_TxCpltCallback
                0x000000000800361c        0x2 build/stm32f4xx_hal_eth.o
                0x000000000800361c                HAL_ETH_TxCpltCallback
 .text.HAL_ETH_ErrorCallback
                0x000000000800361e        0x2 build/stm32f4xx_hal_eth.o
                0x000000000800361e                HAL_ETH_ErrorCallback
 .text.HAL_ETH_IRQHandler
                0x0000000008003620       0x8c build/stm32f4xx_hal_eth.o
                0x0000000008003620                HAL_ETH_IRQHandler
 .text.HAL_ETH_ReadPHYRegister
                0x00000000080036ac       0x78 build/stm32f4xx_hal_eth.o
                0x00000000080036ac                HAL_ETH_ReadPHYRegister
 .text.HAL_ETH_WritePHYRegister
                0x0000000008003724       0x74 build/stm32f4xx_hal_eth.o
                0x0000000008003724                HAL_ETH_WritePHYRegister
 .text.HAL_ETH_Init
                0x0000000008003798      0x258 build/stm32f4xx_hal_eth.o
                0x0000000008003798                HAL_ETH_Init
 .text.HAL_ETH_Start
                0x00000000080039f0       0x44 build/stm32f4xx_hal_eth.o
                0x00000000080039f0                HAL_ETH_Start
 .text.HAL_RCC_OscConfig
                0x0000000008003a34      0x3ec build/stm32f4xx_hal_rcc.o
                0x0000000008003a34                HAL_RCC_OscConfig
 .text.HAL_RCC_GetSysClockFreq
                0x0000000008003e20       0xcc build/stm32f4xx_hal_rcc.o
                0x0000000008003e20                HAL_RCC_GetSysClockFreq
 .text.HAL_RCC_ClockConfig
                0x0000000008003eec      0x160 build/stm32f4xx_hal_rcc.o
                0x0000000008003eec                HAL_RCC_ClockConfig
 .text.HAL_RCC_GetHCLKFreq
                0x000000000800404c        0xc build/stm32f4xx_hal_rcc.o
                0x000000000800404c                HAL_RCC_GetHCLKFreq
 .text.HAL_RCC_GetPCLK1Freq
                0x0000000008004058       0x20 build/stm32f4xx_hal_rcc.o
                0x0000000008004058                HAL_RCC_GetPCLK1Freq
 .text.HAL_RCC_GetPCLK2Freq
                0x0000000008004078       0x20 build/stm32f4xx_hal_rcc.o
                0x0000000008004078                HAL_RCC_GetPCLK2Freq
 .text.HAL_GPIO_Init
                0x0000000008004098      0x1e4 build/stm32f4xx_hal_gpio.o
                0x0000000008004098                HAL_GPIO_Init
 .text.HAL_NVIC_SetPriorityGrouping
                0x000000000800427c       0x24 build/stm32f4xx_hal_cortex.o
                0x000000000800427c                HAL_NVIC_SetPriorityGrouping
 .text.HAL_NVIC_SetPriority
                0x00000000080042a0       0x68 build/stm32f4xx_hal_cortex.o
                0x00000000080042a0                HAL_NVIC_SetPriority
 .text.HAL_NVIC_EnableIRQ
                0x0000000008004308       0x1c build/stm32f4xx_hal_cortex.o
                0x0000000008004308                HAL_NVIC_EnableIRQ
 .text.HAL_SYSTICK_Config
                0x0000000008004324       0x2c build/stm32f4xx_hal_cortex.o
                0x0000000008004324                HAL_SYSTICK_Config
 .text.HAL_InitTick
                0x0000000008004350       0x4c build/stm32f4xx_hal.o
                0x0000000008004350                HAL_InitTick
 .text.HAL_Init
                0x000000000800439c       0x34 build/stm32f4xx_hal.o
                0x000000000800439c                HAL_Init
 .text.HAL_IncTick
                0x00000000080043d0       0x18 build/stm32f4xx_hal.o
                0x00000000080043d0                HAL_IncTick
 .text.HAL_GetTick
                0x00000000080043e8        0xc build/stm32f4xx_hal.o
                0x00000000080043e8                HAL_GetTick
 .text.HAL_Delay
                0x00000000080043f4       0x28 build/stm32f4xx_hal.o
                0x00000000080043f4                HAL_Delay
 .text.UART_SetConfig
                0x000000000800441c      0x1e8 build/stm32f4xx_hal_uart.o
 .text.UART_WaitOnFlagUntilTimeout
                0x0000000008004604       0x68 build/stm32f4xx_hal_uart.o
 .text.HAL_UART_Init
                0x000000000800466c       0x5e build/stm32f4xx_hal_uart.o
                0x000000000800466c                HAL_UART_Init
 .text.HAL_UART_Transmit
                0x00000000080046ca       0xe2 build/stm32f4xx_hal_uart.o
                0x00000000080046ca                HAL_UART_Transmit
 .text.SystemInit
                0x00000000080047ac       0x1c build/system_stm32f4xx.o
                0x00000000080047ac                SystemInit
 .text.vListInitialise
                0x00000000080047c8       0x16 build/list.o
                0x00000000080047c8                vListInitialise
 .text.vListInitialiseItem
                0x00000000080047de        0x6 build/list.o
                0x00000000080047de                vListInitialiseItem
 .text.vListInsertEnd
                0x00000000080047e4       0x16 build/list.o
                0x00000000080047e4                vListInsertEnd
 .text.vListInsert
                0x00000000080047fa       0x32 build/list.o
                0x00000000080047fa                vListInsert
 .text.uxListRemove
                0x000000000800482c       0x26 build/list.o
                0x000000000800482c                uxListRemove
 .text.prvGetDisinheritPriorityAfterTimeout
                0x0000000008004852       0x10 build/queue.o
 .text.prvIsQueueFull
                0x0000000008004862       0x1e build/queue.o
 .text.prvIsQueueEmpty
                0x0000000008004880       0x1a build/queue.o
 .text.prvCopyDataToQueue
                0x000000000800489a       0x76 build/queue.o
 .text.prvCopyDataFromQueue
                0x0000000008004910       0x24 build/queue.o
 .text.prvUnlockQueue
                0x0000000008004934       0x6e build/queue.o
 *fill*         0x00000000080049a2        0x2 
 .text.xQueueGenericReset
                0x00000000080049a4       0x84 build/queue.o
                0x00000000080049a4                xQueueGenericReset
 .text.prvInitialiseNewQueue
                0x0000000008004a28       0x22 build/queue.o
 .text.xQueueGenericCreateStatic
                0x0000000008004a4a       0x94 build/queue.o
                0x0000000008004a4a                xQueueGenericCreateStatic
 .text.xQueueGenericCreate
                0x0000000008004ade       0x4e build/queue.o
                0x0000000008004ade                xQueueGenericCreate
 .text.xQueueCreateCountingSemaphoreStatic
                0x0000000008004b2c       0x4a build/queue.o
                0x0000000008004b2c                xQueueCreateCountingSemaphoreStatic
 .text.xQueueCreateCountingSemaphore
                0x0000000008004b76       0x40 build/queue.o
                0x0000000008004b76                xQueueCreateCountingSemaphore
 *fill*         0x0000000008004bb6        0x2 
 .text.xQueueGenericSend
                0x0000000008004bb8      0x180 build/queue.o
                0x0000000008004bb8                xQueueGenericSend
 .text.prvInitialiseMutex
                0x0000000008004d38       0x18 build/queue.o
 .text.xQueueCreateMutex
                0x0000000008004d50       0x16 build/queue.o
                0x0000000008004d50                xQueueCreateMutex
 .text.xQueueCreateMutexStatic
                0x0000000008004d66       0x1e build/queue.o
                0x0000000008004d66                xQueueCreateMutexStatic
 .text.xQueueGiveMutexRecursive
                0x0000000008004d84       0x40 build/queue.o
                0x0000000008004d84                xQueueGiveMutexRecursive
 .text.xQueueGenericSendFromISR
                0x0000000008004dc4       0xce build/queue.o
                0x0000000008004dc4                xQueueGenericSendFromISR
 .text.xQueueGiveFromISR
                0x0000000008004e92       0xb2 build/queue.o
                0x0000000008004e92                xQueueGiveFromISR
 .text.xQueueReceive
                0x0000000008004f44      0x15c build/queue.o
                0x0000000008004f44                xQueueReceive
 .text.xQueueSemaphoreTake
                0x00000000080050a0      0x1a4 build/queue.o
                0x00000000080050a0                xQueueSemaphoreTake
 .text.xQueueTakeMutexRecursive
                0x0000000008005244       0x44 build/queue.o
                0x0000000008005244                xQueueTakeMutexRecursive
 .text.xQueueReceiveFromISR
                0x0000000008005288       0xac build/queue.o
                0x0000000008005288                xQueueReceiveFromISR
 .text.uxQueueMessagesWaiting
                0x0000000008005334       0x26 build/queue.o
                0x0000000008005334                uxQueueMessagesWaiting
 .text.uxQueueMessagesWaitingFromISR
                0x000000000800535a       0x18 build/queue.o
                0x000000000800535a                uxQueueMessagesWaitingFromISR
 *fill*         0x0000000008005372        0x2 
 .text.vQueueAddToRegistry
                0x0000000008005374       0x28 build/queue.o
                0x0000000008005374                vQueueAddToRegistry
 .text.vQueueUnregisterQueue
                0x000000000800539c       0x2c build/queue.o
                0x000000000800539c                vQueueUnregisterQueue
 .text.vQueueDelete
                0x00000000080053c8       0x2c build/queue.o
                0x00000000080053c8                vQueueDelete
 .text.vQueueWaitForMessageRestricted
                0x00000000080053f4       0x52 build/queue.o
                0x00000000080053f4                vQueueWaitForMessageRestricted
 *fill*         0x0000000008005446        0x2 
 .text.prvResetNextTaskUnblockTime
                0x0000000008005448       0x2c build/tasks.o
 .text.prvInitialiseNewTask
                0x0000000008005474       0x9a build/tasks.o
 *fill*         0x000000000800550e        0x2 
 .text.prvInitialiseTaskLists
                0x0000000008005510       0x68 build/tasks.o
 .text.prvAddNewTaskToReadyList
                0x0000000008005578       0xac build/tasks.o
 .text.prvDeleteTCB
                0x0000000008005624       0x38 build/tasks.o
 .text.prvCheckTasksWaitingTermination
                0x000000000800565c       0x4c build/tasks.o
 .text.prvIdleTask
                0x00000000080056a8       0x28 build/tasks.o
 .text.prvAddCurrentTaskToDelayedList
                0x00000000080056d0       0x7c build/tasks.o
 .text.xTaskCreateStatic
                0x000000000800574c       0x74 build/tasks.o
                0x000000000800574c                xTaskCreateStatic
 .text.xTaskCreate
                0x00000000080057c0       0x68 build/tasks.o
                0x00000000080057c0                xTaskCreate
 .text.vTaskStartScheduler
                0x0000000008005828       0x94 build/tasks.o
                0x0000000008005828                vTaskStartScheduler
 .text.vTaskSuspendAll
                0x00000000080058bc       0x10 build/tasks.o
                0x00000000080058bc                vTaskSuspendAll
 .text.xTaskGetTickCount
                0x00000000080058cc        0xc build/tasks.o
                0x00000000080058cc                xTaskGetTickCount
 .text.xTaskGetTickCountFromISR
                0x00000000080058d8       0x10 build/tasks.o
                0x00000000080058d8                xTaskGetTickCountFromISR
 .text.xTaskIncrementTick
                0x00000000080058e8      0x118 build/tasks.o
                0x00000000080058e8                xTaskIncrementTick
 .text.xTaskResumeAll
                0x0000000008005a00       0xf8 build/tasks.o
                0x0000000008005a00                xTaskResumeAll
 .text.vTaskSwitchContext
                0x0000000008005af8       0x98 build/tasks.o
                0x0000000008005af8                vTaskSwitchContext
 .text.vTaskPlaceOnEventList
                0x0000000008005b90       0x30 build/tasks.o
                0x0000000008005b90                vTaskPlaceOnEventList
 .text.vTaskPlaceOnEventListRestricted
                0x0000000008005bc0       0x38 build/tasks.o
                0x0000000008005bc0                vTaskPlaceOnEventListRestricted
 .text.xTaskRemoveFromEventList
                0x0000000008005bf8       0x8c build/tasks.o
                0x0000000008005bf8                xTaskRemoveFromEventList
 .text.vTaskInternalSetTimeOutState
                0x0000000008005c84       0x18 build/tasks.o
                0x0000000008005c84                vTaskInternalSetTimeOutState
 .text.xTaskCheckForTimeOut
                0x0000000008005c9c       0x84 build/tasks.o
                0x0000000008005c9c                xTaskCheckForTimeOut
 .text.vTaskMissedYield
                0x0000000008005d20        0xc build/tasks.o
                0x0000000008005d20                vTaskMissedYield
 .text.xTaskGetCurrentTaskHandle
                0x0000000008005d2c        0xc build/tasks.o
                0x0000000008005d2c                xTaskGetCurrentTaskHandle
 .text.xTaskGetSchedulerState
                0x0000000008005d38       0x20 build/tasks.o
                0x0000000008005d38                xTaskGetSchedulerState
 .text.xTaskPriorityInherit
                0x0000000008005d58       0x98 build/tasks.o
                0x0000000008005d58                xTaskPriorityInherit
 .text.xTaskPriorityDisinherit
                0x0000000008005df0       0x90 build/tasks.o
                0x0000000008005df0                xTaskPriorityDisinherit
 .text.vTaskPriorityDisinheritAfterTimeout
                0x0000000008005e80       0xa4 build/tasks.o
                0x0000000008005e80                vTaskPriorityDisinheritAfterTimeout
 .text.pvTaskIncrementMutexHeldCount
                0x0000000008005f24       0x1c build/tasks.o
                0x0000000008005f24                pvTaskIncrementMutexHeldCount
 .text.prvGetNextExpireTime
                0x0000000008005f40       0x20 build/timers.o
 .text.prvInsertTimerInActiveList
                0x0000000008005f60       0x48 build/timers.o
 .text.prvCheckForValidListAndQueue
                0x0000000008005fa8       0x70 build/timers.o
 .text.xTimerCreateTimerTask
                0x0000000008006018       0x64 build/timers.o
                0x0000000008006018                xTimerCreateTimerTask
 .text.xTimerGenericCommand
                0x000000000800607c       0x6c build/timers.o
                0x000000000800607c                xTimerGenericCommand
 .text.prvSwitchTimerLists
                0x00000000080060e8       0x7c build/timers.o
 .text.prvSampleTimeNow
                0x0000000008006164       0x2c build/timers.o
 .text.prvProcessExpiredTimer
                0x0000000008006190       0x6c build/timers.o
 .text.prvProcessTimerOrBlockTask
                0x00000000080061fc       0x74 build/timers.o
 .text.prvProcessReceivedCommands
                0x0000000008006270      0x10c build/timers.o
 .text.prvTimerTask
                0x000000000800637c       0x16 build/timers.o
 *fill*         0x0000000008006392        0x2 
 .text.osKernelInitialize
                0x0000000008006394       0x3c build/cmsis_os2.o
                0x0000000008006394                osKernelInitialize
 .text.osKernelStart
                0x00000000080063d0       0x48 build/cmsis_os2.o
                0x00000000080063d0                osKernelStart
 .text.osKernelGetTickCount
                0x0000000008006418       0x2c build/cmsis_os2.o
                0x0000000008006418                osKernelGetTickCount
 .text.osThreadNew
                0x0000000008006444       0xd8 build/cmsis_os2.o
                0x0000000008006444                osThreadNew
 .text.osMutexNew
                0x000000000800651c       0xb0 build/cmsis_os2.o
                0x000000000800651c                osMutexNew
 .text.osMutexAcquire
                0x00000000080065cc       0x7c build/cmsis_os2.o
                0x00000000080065cc                osMutexAcquire
 .text.osMutexRelease
                0x0000000008006648       0x6c build/cmsis_os2.o
                0x0000000008006648                osMutexRelease
 .text.osSemaphoreNew
                0x00000000080066b4       0xd0 build/cmsis_os2.o
                0x00000000080066b4                osSemaphoreNew
 .text.osSemaphoreAcquire
                0x0000000008006784       0x88 build/cmsis_os2.o
                0x0000000008006784                osSemaphoreAcquire
 .text.osSemaphoreRelease
                0x000000000800680c       0x7c build/cmsis_os2.o
                0x000000000800680c                osSemaphoreRelease
 .text.osSemaphoreDelete
                0x0000000008006888       0x48 build/cmsis_os2.o
                0x0000000008006888                osSemaphoreDelete
 .text.osMessageQueueNew
                0x00000000080068d0       0xb4 build/cmsis_os2.o
                0x00000000080068d0                osMessageQueueNew
 .text.osMessageQueuePut
                0x0000000008006984       0x9c build/cmsis_os2.o
                0x0000000008006984                osMessageQueuePut
 .text.osMessageQueueGet
                0x0000000008006a20       0x9c build/cmsis_os2.o
                0x0000000008006a20                osMessageQueueGet
 .text.osMessageQueueGetCount
                0x0000000008006abc       0x38 build/cmsis_os2.o
                0x0000000008006abc                osMessageQueueGetCount
 .text.osMessageQueueDelete
                0x0000000008006af4       0x48 build/cmsis_os2.o
                0x0000000008006af4                osMessageQueueDelete
 .text.vApplicationGetIdleTaskMemory
                0x0000000008006b3c       0x18 build/cmsis_os2.o
                0x0000000008006b3c                vApplicationGetIdleTaskMemory
 .text.vApplicationGetTimerTaskMemory
                0x0000000008006b54       0x18 build/cmsis_os2.o
                0x0000000008006b54                vApplicationGetTimerTaskMemory
 .text.prvHeapInit
                0x0000000008006b6c       0x64 build/heap_4.o
 .text.prvInsertBlockIntoFreeList
                0x0000000008006bd0       0x58 build/heap_4.o
 .text.pvPortMalloc
                0x0000000008006c28       0xf0 build/heap_4.o
                0x0000000008006c28                pvPortMalloc
 .text.vPortFree
                0x0000000008006d18       0x70 build/heap_4.o
                0x0000000008006d18                vPortFree
 .text.prvTaskExitError
                0x0000000008006d88       0x40 build/port.o
 .text.prvPortStartFirstTask
                0x0000000008006dc8       0x28 build/port.o
 .text.vPortEnableVFP
                0x0000000008006df0       0x14 build/port.o
 .text.pxPortInitialiseStack
                0x0000000008006e04       0x2c build/port.o
                0x0000000008006e04                pxPortInitialiseStack
 .text.SVC_Handler
                0x0000000008006e30       0x24 build/port.o
                0x0000000008006e30                SVC_Handler
 .text.vPortEnterCritical
                0x0000000008006e54       0x44 build/port.o
                0x0000000008006e54                vPortEnterCritical
 .text.vPortExitCritical
                0x0000000008006e98       0x2c build/port.o
                0x0000000008006e98                vPortExitCritical
 *fill*         0x0000000008006ec4        0xc 
 .text.PendSV_Handler
                0x0000000008006ed0       0x64 build/port.o
                0x0000000008006ed0                PendSV_Handler
 .text.xPortSysTickHandler
                0x0000000008006f34       0x2c build/port.o
                0x0000000008006f34                xPortSysTickHandler
 .text.vPortSetupTimerInterrupt
                0x0000000008006f60       0x38 build/port.o
                0x0000000008006f60                vPortSetupTimerInterrupt
 .text.xPortStartScheduler
                0x0000000008006f98      0x110 build/port.o
                0x0000000008006f98                xPortStartScheduler
 .text.vPortValidateInterruptPriority
                0x00000000080070a8       0x5c build/port.o
                0x00000000080070a8                vPortValidateInterruptPriority
 .text.ethernet_input
                0x0000000008007104       0xa8 build/ethernet.o
                0x0000000008007104                ethernet_input
 .text.ethernet_output
                0x00000000080071ac       0x70 build/ethernet.o
                0x00000000080071ac                ethernet_output
 .text.netconn_apimsg
                0x000000000800721c       0x16 build/api_lib.o
 *fill*         0x0000000008007232        0x2 
 .text.netconn_tcp_recvd_msg
                0x0000000008007234       0x44 build/api_lib.o
 .text.netconn_close_shutdown
                0x0000000008007278       0x44 build/api_lib.o
 .text.netconn_new_with_proto_and_callback
                0x00000000080072bc       0xb8 build/api_lib.o
                0x00000000080072bc                netconn_new_with_proto_and_callback
 .text.netconn_prepare_delete
                0x0000000008007374       0x24 build/api_lib.o
                0x0000000008007374                netconn_prepare_delete
 .text.netconn_delete
                0x0000000008007398       0x1e build/api_lib.o
                0x0000000008007398                netconn_delete
 *fill*         0x00000000080073b6        0x2 
 .text.netconn_getaddr
                0x00000000080073b8       0x74 build/api_lib.o
                0x00000000080073b8                netconn_getaddr
 .text.netconn_bind
                0x000000000800742c       0x4c build/api_lib.o
                0x000000000800742c                netconn_bind
 .text.netconn_listen_with_backlog
                0x0000000008007478       0x3c build/api_lib.o
                0x0000000008007478                netconn_listen_with_backlog
 .text.netconn_tcp_recvd
                0x00000000080074b4       0x3c build/api_lib.o
                0x00000000080074b4                netconn_tcp_recvd
 .text.netconn_send
                0x00000000080074f0       0x3c build/api_lib.o
                0x00000000080074f0                netconn_send
 .text.netconn_write_vectors_partly
                0x000000000800752c       0xfc build/api_lib.o
                0x000000000800752c                netconn_write_vectors_partly
 .text.netconn_write_partly
                0x0000000008007628       0x1a build/api_lib.o
                0x0000000008007628                netconn_write_partly
 .text.netconn_err
                0x0000000008007642       0x1e build/api_lib.o
                0x0000000008007642                netconn_err
 .text.netconn_accept
                0x0000000008007660       0xcc build/api_lib.o
                0x0000000008007660                netconn_accept
 .text.netconn_recv_data
                0x000000000800772c      0x124 build/api_lib.o
 .text.netconn_recv_udp_raw_netbuf_flags
                0x0000000008007850       0x34 build/api_lib.o
                0x0000000008007850                netconn_recv_udp_raw_netbuf_flags
 .text.netconn_recv_data_tcp
                0x0000000008007884       0xa2 build/api_lib.o
 *fill*         0x0000000008007926        0x2 
 .text.netconn_recv_tcp_pbuf_flags
                0x0000000008007928       0x34 build/api_lib.o
                0x0000000008007928                netconn_recv_tcp_pbuf_flags
 .text.tryget_socket_unconn_nouse
                0x000000000800795c       0x14 build/sockets.o
 .text.tryget_socket_unconn
                0x0000000008007970        0x8 build/sockets.o
 .text.tryget_socket
                0x0000000008007978       0x16 build/sockets.o
 *fill*         0x000000000800798e        0x2 
 .text.get_socket
                0x0000000008007990       0x18 build/sockets.o
 .text.free_socket_locked
                0x00000000080079a8       0x12 build/sockets.o
 .text.lwip_poll_should_wake
                0x00000000080079ba       0x4c build/sockets.o
 *fill*         0x0000000008007a06        0x2 
 .text.alloc_socket
                0x0000000008007a08       0x88 build/sockets.o
 .text.lwip_sock_make_addr
                0x0000000008007a90       0xa0 build/sockets.o
 .text.lwip_recv_tcp_from
                0x0000000008007b30       0x3e build/sockets.o
 .text.free_socket_free_elements
                0x0000000008007b6e       0x20 build/sockets.o
 .text.free_socket
                0x0000000008007b8e       0x34 build/sockets.o
 *fill*         0x0000000008007bc2        0x2 
 .text.lwip_recv_tcp
                0x0000000008007bc4      0x178 build/sockets.o
 .text.lwip_recvfrom_udp_raw
                0x0000000008007d3c      0x110 build/sockets.o
 .text.select_check_waiters
                0x0000000008007e4c       0xa8 build/sockets.o
 .text.event_callback
                0x0000000008007ef4       0xf0 build/sockets.o
 .text.lwip_accept
                0x0000000008007fe4      0x178 build/sockets.o
                0x0000000008007fe4                lwip_accept
 .text.lwip_bind
                0x000000000800815c       0x84 build/sockets.o
                0x000000000800815c                lwip_bind
 .text.lwip_close
                0x00000000080081e0       0x70 build/sockets.o
                0x00000000080081e0                lwip_close
 .text.lwip_listen
                0x0000000008008250       0x58 build/sockets.o
                0x0000000008008250                lwip_listen
 .text.lwip_recvfrom
                0x00000000080082a8       0xc4 build/sockets.o
                0x00000000080082a8                lwip_recvfrom
 .text.lwip_recv
                0x000000000800836c       0x12 build/sockets.o
                0x000000000800836c                lwip_recv
 *fill*         0x000000000800837e        0x2 
 .text.lwip_sendto
                0x0000000008008380      0x100 build/sockets.o
                0x0000000008008380                lwip_sendto
 .text.lwip_send
                0x0000000008008480       0x80 build/sockets.o
                0x0000000008008480                lwip_send
 .text.lwip_socket
                0x0000000008008500       0x88 build/sockets.o
                0x0000000008008500                lwip_socket
 .text.err_to_errno
                0x0000000008008588       0x1c build/err.o
                0x0000000008008588                err_to_errno
 .text.netbuf_delete
                0x00000000080085a4       0x20 build/netbuf.o
                0x00000000080085a4                netbuf_delete
 .text.netbuf_free
                0x00000000080085c4       0x30 build/netbuf.o
                0x00000000080085c4                netbuf_free
 .text.netbuf_ref
                0x00000000080085f4       0x5c build/netbuf.o
                0x00000000080085f4                netbuf_ref
 .text.lwip_netconn_err_to_msg
                0x0000000008008650       0x50 build/api_msg.o
 .text.recv_udp
                0x00000000080086a0       0xc4 build/api_msg.o
 .text.setup_tcp
                0x0000000008008764       0x40 build/api_msg.o
 .text.pcb_new  0x00000000080087a4       0x88 build/api_msg.o
 .text.err_tcp  0x000000000800882c      0x124 build/api_msg.o
 .text.lwip_netconn_do_writemore
                0x0000000008008950      0x294 build/api_msg.o
 .text.lwip_netconn_do_close_internal
                0x0000000008008be4      0x220 build/api_msg.o
 .text.poll_tcp
                0x0000000008008e04       0x80 build/api_msg.o
 .text.sent_tcp
                0x0000000008008e84       0x74 build/api_msg.o
 .text.recv_tcp
                0x0000000008008ef8       0xc8 build/api_msg.o
 .text.lwip_netconn_is_err_msg
                0x0000000008008fc0       0x5c build/api_msg.o
                0x0000000008008fc0                lwip_netconn_is_err_msg
 .text.lwip_netconn_do_newconn
                0x000000000800901c       0x14 build/api_msg.o
                0x000000000800901c                lwip_netconn_do_newconn
 .text.netconn_alloc
                0x0000000008009030       0x88 build/api_msg.o
                0x0000000008009030                netconn_alloc
 .text.netconn_free
                0x00000000080090b8       0x78 build/api_msg.o
                0x00000000080090b8                netconn_free
 .text.netconn_drain
                0x0000000008009130       0xaa build/api_msg.o
 *fill*         0x00000000080091da        0x2 
 .text.accept_function
                0x00000000080091dc      0x108 build/api_msg.o
 .text.lwip_netconn_do_delconn
                0x00000000080092e4      0x148 build/api_msg.o
                0x00000000080092e4                lwip_netconn_do_delconn
 .text.lwip_netconn_do_bind
                0x000000000800942c       0x3a build/api_msg.o
                0x000000000800942c                lwip_netconn_do_bind
 *fill*         0x0000000008009466        0x2 
 .text.lwip_netconn_do_listen
                0x0000000008009468       0xd8 build/api_msg.o
                0x0000000008009468                lwip_netconn_do_listen
 .text.lwip_netconn_do_send
                0x0000000008009540       0x4c build/api_msg.o
                0x0000000008009540                lwip_netconn_do_send
 .text.lwip_netconn_do_recv
                0x000000000800958c       0x3c build/api_msg.o
                0x000000000800958c                lwip_netconn_do_recv
 .text.lwip_netconn_do_write
                0x00000000080095c8       0xd8 build/api_msg.o
                0x00000000080095c8                lwip_netconn_do_write
 .text.lwip_netconn_do_getaddr
                0x00000000080096a0       0x9c build/api_msg.o
                0x00000000080096a0                lwip_netconn_do_getaddr
 .text.lwip_netconn_do_close
                0x000000000800973c       0xcc build/api_msg.o
                0x000000000800973c                lwip_netconn_do_close
 .text.tcpip_timeouts_mbox_fetch
                0x0000000008009808       0x60 build/tcpip.o
 .text.tcpip_thread_handle_msg
                0x0000000008009868       0x60 build/tcpip.o
 .text.tcpip_thread
                0x00000000080098c8       0x54 build/tcpip.o
 .text.tcpip_inpkt
                0x000000000800991c       0x64 build/tcpip.o
                0x000000000800991c                tcpip_inpkt
 .text.tcpip_input
                0x0000000008009980       0x24 build/tcpip.o
                0x0000000008009980                tcpip_input
 .text.tcpip_try_callback
                0x00000000080099a4       0x60 build/tcpip.o
                0x00000000080099a4                tcpip_try_callback
 .text.tcpip_send_msg_wait_sem
                0x0000000008009a04       0x20 build/tcpip.o
                0x0000000008009a04                tcpip_send_msg_wait_sem
 .text.tcpip_init
                0x0000000008009a24       0x84 build/tcpip.o
                0x0000000008009a24                tcpip_init
 .text.lwip_init
                0x0000000008009aa8       0x20 build/init.o
                0x0000000008009aa8                lwip_init
 .text.lwip_htons
                0x0000000008009ac8        0xa build/def.o
                0x0000000008009ac8                lwip_htons
 .text.lwip_htonl
                0x0000000008009ad2       0x18 build/def.o
                0x0000000008009ad2                lwip_htonl
 *fill*         0x0000000008009aea        0x2 
 .text.sys_timeout_abs
                0x0000000008009aec       0x70 build/timeouts.o
 .text.lwip_cyclic_timer
                0x0000000008009b5c       0x3c build/timeouts.o
 .text.sys_timeout
                0x0000000008009b98       0x3c build/timeouts.o
                0x0000000008009b98                sys_timeout
 .text.tcp_timer_needed
                0x0000000008009bd4       0x3c build/timeouts.o
                0x0000000008009bd4                tcp_timer_needed
 .text.tcpip_tcp_timer
                0x0000000008009c10       0x38 build/timeouts.o
 .text.sys_timeouts_init
                0x0000000008009c48       0x28 build/timeouts.o
                0x0000000008009c48                sys_timeouts_init
 .text.sys_check_timeouts
                0x0000000008009c70       0x40 build/timeouts.o
                0x0000000008009c70                sys_check_timeouts
 .text.sys_timeouts_sleeptime
                0x0000000008009cb0       0x48 build/timeouts.o
                0x0000000008009cb0                sys_timeouts_sleeptime
 .text.tcp_new_port
                0x0000000008009cf8       0x68 build/tcp.o
 .text.tcp_remove_listener
                0x0000000008009d60       0x34 build/tcp.o
 .text.tcp_listen_closed
                0x0000000008009d94       0x5c build/tcp.o
 .text.tcp_free_listen
                0x0000000008009df0       0x30 build/tcp.o
 .text.tcp_close_shutdown_fin
                0x0000000008009e20       0x84 build/tcp.o
 .text.tcp_handle_closepend
                0x0000000008009ea4       0x2c build/tcp.o
 .text.tcp_init
                0x0000000008009ed0       0x18 build/tcp.o
                0x0000000008009ed0                tcp_init
 .text.tcp_free
                0x0000000008009ee8       0x30 build/tcp.o
                0x0000000008009ee8                tcp_free
 .text.tcp_bind
                0x0000000008009f18       0xcc build/tcp.o
                0x0000000008009f18                tcp_bind
 .text.tcp_listen_with_backlog_and_err
                0x0000000008009fe4       0xe0 build/tcp.o
                0x0000000008009fe4                tcp_listen_with_backlog_and_err
 .text.tcp_update_rcv_ann_wnd
                0x000000000800a0c4       0x74 build/tcp.o
                0x000000000800a0c4                tcp_update_rcv_ann_wnd
 .text.tcp_recved
                0x000000000800a138       0x78 build/tcp.o
                0x000000000800a138                tcp_recved
 .text.tcp_seg_free
                0x000000000800a1b0       0x1a build/tcp.o
                0x000000000800a1b0                tcp_seg_free
 .text.tcp_segs_free
                0x000000000800a1ca       0x14 build/tcp.o
                0x000000000800a1ca                tcp_segs_free
 *fill*         0x000000000800a1de        0x2 
 .text.tcp_seg_copy
                0x000000000800a1e0       0x48 build/tcp.o
                0x000000000800a1e0                tcp_seg_copy
 .text.tcp_arg  0x000000000800a228        0x6 build/tcp.o
                0x000000000800a228                tcp_arg
 *fill*         0x000000000800a22e        0x2 
 .text.tcp_recv
                0x000000000800a230       0x34 build/tcp.o
                0x000000000800a230                tcp_recv
 .text.tcp_sent
                0x000000000800a264       0x34 build/tcp.o
                0x000000000800a264                tcp_sent
 .text.tcp_err  0x000000000800a298       0x34 build/tcp.o
                0x000000000800a298                tcp_err
 .text.tcp_accept
                0x000000000800a2cc        0xe build/tcp.o
                0x000000000800a2cc                tcp_accept
 *fill*         0x000000000800a2da        0x2 
 .text.tcp_poll
                0x000000000800a2dc       0x48 build/tcp.o
                0x000000000800a2dc                tcp_poll
 .text.tcp_next_iss
                0x000000000800a324       0x38 build/tcp.o
                0x000000000800a324                tcp_next_iss
 .text.tcp_eff_send_mss_netif
                0x000000000800a35c       0x40 build/tcp.o
                0x000000000800a35c                tcp_eff_send_mss_netif
 .text.tcp_free_ooseq
                0x000000000800a39c       0x12 build/tcp.o
                0x000000000800a39c                tcp_free_ooseq
 *fill*         0x000000000800a3ae        0x2 
 .text.tcp_pcb_purge
                0x000000000800a3b0       0x64 build/tcp.o
                0x000000000800a3b0                tcp_pcb_purge
 .text.tcp_pcb_remove
                0x000000000800a414       0xd0 build/tcp.o
                0x000000000800a414                tcp_pcb_remove
 .text.tcp_abandon
                0x000000000800a4e4      0x10c build/tcp.o
                0x000000000800a4e4                tcp_abandon
 .text.tcp_abort
                0x000000000800a5f0        0xa build/tcp.o
                0x000000000800a5f0                tcp_abort
 *fill*         0x000000000800a5fa        0x2 
 .text.tcp_accept_null
                0x000000000800a5fc       0x30 build/tcp.o
 .text.tcp_kill_timewait
                0x000000000800a62c       0x34 build/tcp.o
 .text.tcp_kill_prio
                0x000000000800a660       0x54 build/tcp.o
 .text.tcp_netif_ip_addr_changed_pcblist
                0x000000000800a6b4       0x40 build/tcp.o
 .text.tcp_netif_ip_addr_changed
                0x000000000800a6f4       0x54 build/tcp.o
                0x000000000800a6f4                tcp_netif_ip_addr_changed
 .text.tcp_kill_state
                0x000000000800a748       0x64 build/tcp.o
 .text.tcp_alloc
                0x000000000800a7ac       0xc4 build/tcp.o
                0x000000000800a7ac                tcp_alloc
 .text.tcp_new_ip_type
                0x000000000800a870        0xa build/tcp.o
                0x000000000800a870                tcp_new_ip_type
 *fill*         0x000000000800a87a        0x2 
 .text.tcp_close_shutdown
                0x000000000800a87c      0x14c build/tcp.o
 .text.tcp_close
                0x000000000800a9c8       0x40 build/tcp.o
                0x000000000800a9c8                tcp_close
 .text.tcp_recv_null
                0x000000000800aa08       0x48 build/tcp.o
                0x000000000800aa08                tcp_recv_null
 .text.tcp_process_refused_data
                0x000000000800aa50       0x8c build/tcp.o
                0x000000000800aa50                tcp_process_refused_data
 .text.tcp_fasttmr
                0x000000000800aadc       0x80 build/tcp.o
                0x000000000800aadc                tcp_fasttmr
 .text.tcp_shutdown
                0x000000000800ab5c       0x80 build/tcp.o
                0x000000000800ab5c                tcp_shutdown
 .text.tcp_slowtmr
                0x000000000800abdc      0x4a4 build/tcp.o
                0x000000000800abdc                tcp_slowtmr
 .text.tcp_tmr  0x000000000800b080       0x24 build/tcp.o
                0x000000000800b080                tcp_tmr
 .text.ptr_to_mem
                0x000000000800b0a4        0xc build/mem.o
 .text.mem_to_ptr
                0x000000000800b0b0       0x10 build/mem.o
 .text.mem_link_valid
                0x000000000800b0c0       0x5c build/mem.o
 .text.plug_holes
                0x000000000800b11c      0x100 build/mem.o
 .text.mem_init
                0x000000000800b21c       0x68 build/mem.o
                0x000000000800b21c                mem_init
 .text.mem_free
                0x000000000800b284       0xf0 build/mem.o
                0x000000000800b284                mem_free
 .text.mem_trim
                0x000000000800b374      0x19c build/mem.o
                0x000000000800b374                mem_trim
 .text.mem_malloc
                0x000000000800b510      0x17c build/mem.o
                0x000000000800b510                mem_malloc
 .text.netif_do_set_netmask
                0x000000000800b68c       0x18 build/netif.o
 .text.netif_do_set_gw
                0x000000000800b6a4       0x18 build/netif.o
 .text.netif_null_output_ip4
                0x000000000800b6bc        0x6 build/netif.o
 .text.netif_do_ip_addr_changed
                0x000000000800b6c2       0x14 build/netif.o
 *fill*         0x000000000800b6d6        0x2 
 .text.netif_issue_reports
                0x000000000800b6d8       0x4c build/netif.o
 .text.netif_do_set_ipaddr
                0x000000000800b724       0x6c build/netif.o
 .text.netif_init
                0x000000000800b790        0x2 build/netif.o
                0x000000000800b790                netif_init
 *fill*         0x000000000800b792        0x2 
 .text.netif_set_addr
                0x000000000800b794       0x6c build/netif.o
                0x000000000800b794                netif_set_addr
 .text.netif_add
                0x000000000800b800      0x124 build/netif.o
                0x000000000800b800                netif_add
 .text.netif_set_default
                0x000000000800b924        0xc build/netif.o
                0x000000000800b924                netif_set_default
 .text.netif_set_up
                0x000000000800b930       0x3c build/netif.o
                0x000000000800b930                netif_set_up
 .text.netif_set_down
                0x000000000800b96c       0x40 build/netif.o
                0x000000000800b96c                netif_set_down
 .text.netif_get_by_index
                0x000000000800b9ac       0x24 build/netif.o
                0x000000000800b9ac                netif_get_by_index
 .text.tcp_write_checks
                0x000000000800b9d0       0xbc build/tcp_out.o
 .text.tcp_output_segment_busy
                0x000000000800ba8c       0x34 build/tcp_out.o
 .text.tcp_output_fill_options
                0x000000000800bac0       0x4c build/tcp_out.o
 .text.tcp_pbuf_prealloc
                0x000000000800bb0c       0xbc build/tcp_out.o
 .text.tcp_create_segment
                0x000000000800bbc8       0xe8 build/tcp_out.o
 .text.tcp_output_alloc_header_common
                0x000000000800bcb0       0x98 build/tcp_out.o
 .text.tcp_output_alloc_header
                0x000000000800bd48       0x54 build/tcp_out.o
 .text.tcp_route
                0x000000000800bd9c       0x16 build/tcp_out.o
 *fill*         0x000000000800bdb2        0x2 
 .text.tcp_output_segment
                0x000000000800bdb4      0x13c build/tcp_out.o
 .text.tcp_output_control_segment
                0x000000000800bef0       0x6c build/tcp_out.o
 .text.tcp_write
                0x000000000800bf5c      0x57c build/tcp_out.o
                0x000000000800bf5c                tcp_write
 .text.tcp_split_unsent_seg
                0x000000000800c4d8      0x1b8 build/tcp_out.o
                0x000000000800c4d8                tcp_split_unsent_seg
 .text.tcp_enqueue_flags
                0x000000000800c690      0x160 build/tcp_out.o
                0x000000000800c690                tcp_enqueue_flags
 .text.tcp_send_fin
                0x000000000800c7f0       0x64 build/tcp_out.o
                0x000000000800c7f0                tcp_send_fin
 .text.tcp_rexmit_rto_prepare
                0x000000000800c854       0x94 build/tcp_out.o
                0x000000000800c854                tcp_rexmit_rto_prepare
 .text.tcp_rexmit
                0x000000000800c8e8       0x88 build/tcp_out.o
                0x000000000800c8e8                tcp_rexmit
 .text.tcp_rexmit_fast
                0x000000000800c970       0x78 build/tcp_out.o
                0x000000000800c970                tcp_rexmit_fast
 .text.tcp_rst  0x000000000800c9e8       0x90 build/tcp_out.o
                0x000000000800c9e8                tcp_rst
 .text.tcp_send_empty_ack
                0x000000000800ca78       0x74 build/tcp_out.o
                0x000000000800ca78                tcp_send_empty_ack
 .text.tcp_output
                0x000000000800caec      0x2ac build/tcp_out.o
                0x000000000800caec                tcp_output
 .text.tcp_rexmit_rto_commit
                0x000000000800cd98       0x38 build/tcp_out.o
                0x000000000800cd98                tcp_rexmit_rto_commit
 .text.tcp_rexmit_rto
                0x000000000800cdd0       0x34 build/tcp_out.o
                0x000000000800cdd0                tcp_rexmit_rto
 .text.tcp_keepalive
                0x000000000800ce04       0x5c build/tcp_out.o
                0x000000000800ce04                tcp_keepalive
 .text.tcp_zero_window_probe
                0x000000000800ce60       0xdc build/tcp_out.o
                0x000000000800ce60                tcp_zero_window_probe
 .text.pbuf_init_alloced_pbuf
                0x000000000800cf3c       0x24 build/pbuf.o
 .text.pbuf_add_header_impl
                0x000000000800cf60       0x7c build/pbuf.o
 .text.pbuf_pool_is_empty
                0x000000000800cfdc       0x3c build/pbuf.o
 .text.pbuf_free_ooseq
                0x000000000800d018       0x2c build/pbuf.o
 .text.pbuf_free_ooseq_callback
                0x000000000800d044        0x8 build/pbuf.o
 .text.pbuf_alloc_reference
                0x000000000800d04c       0x50 build/pbuf.o
                0x000000000800d04c                pbuf_alloc_reference
 .text.pbuf_alloced_custom
                0x000000000800d09c       0x3a build/pbuf.o
                0x000000000800d09c                pbuf_alloced_custom
 .text.pbuf_add_header
                0x000000000800d0d6        0xa build/pbuf.o
                0x000000000800d0d6                pbuf_add_header
 .text.pbuf_remove_header
                0x000000000800d0e0       0x6c build/pbuf.o
                0x000000000800d0e0                pbuf_remove_header
 .text.pbuf_header_impl
                0x000000000800d14c       0x14 build/pbuf.o
 .text.pbuf_header_force
                0x000000000800d160        0xa build/pbuf.o
                0x000000000800d160                pbuf_header_force
 *fill*         0x000000000800d16a        0x2 
 .text.pbuf_free
                0x000000000800d16c       0xd0 build/pbuf.o
                0x000000000800d16c                pbuf_free
 .text.pbuf_alloc
                0x000000000800d23c      0x15c build/pbuf.o
                0x000000000800d23c                pbuf_alloc
 .text.pbuf_realloc
                0x000000000800d398       0xa8 build/pbuf.o
                0x000000000800d398                pbuf_realloc
 .text.pbuf_free_header
                0x000000000800d440       0x30 build/pbuf.o
                0x000000000800d440                pbuf_free_header
 .text.pbuf_clen
                0x000000000800d470       0x10 build/pbuf.o
                0x000000000800d470                pbuf_clen
 .text.pbuf_ref
                0x000000000800d480       0x38 build/pbuf.o
                0x000000000800d480                pbuf_ref
 .text.pbuf_cat
                0x000000000800d4b8       0x74 build/pbuf.o
                0x000000000800d4b8                pbuf_cat
 .text.pbuf_chain
                0x000000000800d52c       0x10 build/pbuf.o
                0x000000000800d52c                pbuf_chain
 .text.pbuf_copy
                0x000000000800d53c      0x120 build/pbuf.o
                0x000000000800d53c                pbuf_copy
 .text.pbuf_copy_partial
                0x000000000800d65c       0x94 build/pbuf.o
                0x000000000800d65c                pbuf_copy_partial
 .text.pbuf_clone
                0x000000000800d6f0       0x38 build/pbuf.o
                0x000000000800d6f0                pbuf_clone
 .text.do_memp_malloc_pool
                0x000000000800d728       0x48 build/memp.o
 .text.do_memp_free_pool
                0x000000000800d770       0x3c build/memp.o
 .text.memp_init_pool
                0x000000000800d7ac       0x28 build/memp.o
                0x000000000800d7ac                memp_init_pool
 .text.memp_init
                0x000000000800d7d4       0x20 build/memp.o
                0x000000000800d7d4                memp_init
 .text.memp_malloc
                0x000000000800d7f4       0x34 build/memp.o
                0x000000000800d7f4                memp_malloc
 .text.memp_free
                0x000000000800d828       0x34 build/memp.o
                0x000000000800d828                memp_free
 .text.udp_new_port
                0x000000000800d85c       0x4c build/udp.o
 .text.udp_input_local_match
                0x000000000800d8a8       0xa0 build/udp.o
 .text.udp_init
                0x000000000800d948       0x18 build/udp.o
                0x000000000800d948                udp_init
 .text.udp_input
                0x000000000800d960      0x184 build/udp.o
                0x000000000800d960                udp_input
 .text.udp_bind
                0x000000000800dae4       0xbc build/udp.o
                0x000000000800dae4                udp_bind
 .text.udp_sendto_if_src
                0x000000000800dba0      0x16c build/udp.o
                0x000000000800dba0                udp_sendto_if_src
 .text.udp_sendto_if
                0x000000000800dd0c       0xa4 build/udp.o
                0x000000000800dd0c                udp_sendto_if
 .text.udp_sendto
                0x000000000800ddb0       0x8c build/udp.o
                0x000000000800ddb0                udp_sendto
 .text.udp_send
                0x000000000800de3c       0x48 build/udp.o
                0x000000000800de3c                udp_send
 .text.udp_connect
                0x000000000800de84       0x84 build/udp.o
                0x000000000800de84                udp_connect
 .text.udp_recv
                0x000000000800df08       0x28 build/udp.o
                0x000000000800df08                udp_recv
 .text.udp_remove
                0x000000000800df30       0x54 build/udp.o
                0x000000000800df30                udp_remove
 .text.udp_new  0x000000000800df84       0x1c build/udp.o
                0x000000000800df84                udp_new
 .text.udp_new_ip_type
                0x000000000800dfa0        0x8 build/udp.o
                0x000000000800dfa0                udp_new_ip_type
 .text.udp_netif_ip_addr_changed
                0x000000000800dfa8       0x38 build/udp.o
                0x000000000800dfa8                udp_netif_ip_addr_changed
 .text.tcp_get_next_optbyte
                0x000000000800dfe0       0x3c build/tcp_in.o
 .text.tcp_parseopt
                0x000000000800e01c       0xa4 build/tcp_in.o
 .text.tcp_input_delayed_close
                0x000000000800e0c0       0x60 build/tcp_in.o
 .text.tcp_timewait_input
                0x000000000800e120       0xb8 build/tcp_in.o
 .text.tcp_listen_input
                0x000000000800e1d8      0x150 build/tcp_in.o
 .text.tcp_free_acked_segments
                0x000000000800e328       0xc0 build/tcp_in.o
 .text.tcp_oos_insert_segment
                0x000000000800e3e8       0xa8 build/tcp_in.o
 .text.tcp_receive
                0x000000000800e490      0x944 build/tcp_in.o
 .text.tcp_process
                0x000000000800edd4      0x580 build/tcp_in.o
 .text.tcp_input
                0x000000000800f354      0x5a0 build/tcp_in.o
                0x000000000800f354                tcp_input
 .text.tcp_trigger_input_pcb_close
                0x000000000800f8f4       0x10 build/tcp_in.o
                0x000000000800f8f4                tcp_trigger_input_pcb_close
 .text.ip4_addr_isbroadcast_u32
                0x000000000800f904       0x40 build/ip4_addr.o
                0x000000000800f904                ip4_addr_isbroadcast_u32
 .text.ip_reass_dequeue_datagram
                0x000000000800f944       0x48 build/ip4_frag.o
 .text.ip_reass_free_complete_datagram
                0x000000000800f98c       0xf8 build/ip4_frag.o
 .text.ip_reass_remove_oldest_datagram
                0x000000000800fa84       0x7c build/ip4_frag.o
 .text.ip_frag_free_pbuf_custom_ref
                0x000000000800fb00       0x2c build/ip4_frag.o
 .text.ipfrag_free_pbuf_custom
                0x000000000800fb2c       0x34 build/ip4_frag.o
 .text.ip_reass_chain_frag_into_datagram_and_validate
                0x000000000800fb60      0x1b4 build/ip4_frag.o
 .text.ip_frag_alloc_pbuf_custom_ref
                0x000000000800fd14        0xa build/ip4_frag.o
 *fill*         0x000000000800fd1e        0x2 
 .text.ip_reass_enqueue_new_datagram
                0x000000000800fd20       0x64 build/ip4_frag.o
 .text.ip_reass_tmr
                0x000000000800fd84       0x2c build/ip4_frag.o
                0x000000000800fd84                ip_reass_tmr
 .text.ip4_reass
                0x000000000800fdb0      0x218 build/ip4_frag.o
                0x000000000800fdb0                ip4_reass
 .text.ip4_frag
                0x000000000800ffc8      0x1f4 build/ip4_frag.o
                0x000000000800ffc8                ip4_frag
 .text.dhcp_set_state
                0x00000000080101bc       0x10 build/dhcp.o
 .text.dhcp_option_short
                0x00000000080101cc       0x3c build/dhcp.o
 .text.dhcp_option
                0x0000000008010208       0x3c build/dhcp.o
 .text.dhcp_option_byte
                0x0000000008010244       0x30 build/dhcp.o
 .text.dhcp_option_long
                0x0000000008010274       0x50 build/dhcp.o
 .text.dhcp_create_msg
                0x00000000080102c4      0x13c build/dhcp.o
 .text.dhcp_handle_ack
                0x0000000008010400       0x7c build/dhcp.o
 .text.dhcp_option_trailer
                0x000000000801047c       0x32 build/dhcp.o
 *fill*         0x00000000080104ae        0x2 
 .text.dhcp_rebind
                0x00000000080104b0       0xec build/dhcp.o
 .text.dhcp_t2_timeout
                0x000000000801059c       0x30 build/dhcp.o
 .text.dhcp_reboot
                0x00000000080105cc      0x110 build/dhcp.o
 .text.dhcp_select
                0x00000000080106dc      0x180 build/dhcp.o
 .text.dhcp_handle_offer
                0x000000000801085c       0x34 build/dhcp.o
 .text.dhcp_discover
                0x0000000008010890       0xf4 build/dhcp.o
 .text.dhcp_decline
                0x0000000008010984       0x9c build/dhcp.o
 .text.dhcp_check
                0x0000000008010a20       0x2a build/dhcp.o
 *fill*         0x0000000008010a4a        0x2 
 .text.dhcp_bind
                0x0000000008010a4c      0x12c build/dhcp.o
 .text.dhcp_handle_nak
                0x0000000008010b78       0x24 build/dhcp.o
 .text.dhcp_dec_pcb_refcount
                0x0000000008010b9c       0x48 build/dhcp.o
 .text.dhcp_inc_pcb_refcount
                0x0000000008010be4       0x7c build/dhcp.o
 .text.dhcp_parse_reply
                0x0000000008010c60      0x484 build/dhcp.o
 .text.dhcp_recv
                0x00000000080110e4       0xec build/dhcp.o
 .text.dhcp_arp_reply
                0x00000000080111d0       0x40 build/dhcp.o
                0x00000000080111d0                dhcp_arp_reply
 .text.dhcp_renew
                0x0000000008011210       0xe8 build/dhcp.o
                0x0000000008011210                dhcp_renew
 .text.dhcp_t1_timeout
                0x00000000080112f8       0x2c build/dhcp.o
 .text.dhcp_supplied_address
                0x0000000008011324       0x2e build/dhcp.o
                0x0000000008011324                dhcp_supplied_address
 *fill*         0x0000000008011352        0x2 
 .text.dhcp_release_and_stop
                0x0000000008011354       0xc4 build/dhcp.o
                0x0000000008011354                dhcp_release_and_stop
 .text.dhcp_start
                0x0000000008011418       0xc4 build/dhcp.o
                0x0000000008011418                dhcp_start
 .text.dhcp_coarse_tmr
                0x00000000080114dc       0x64 build/dhcp.o
                0x00000000080114dc                dhcp_coarse_tmr
 .text.dhcp_timeout
                0x0000000008011540       0x60 build/dhcp.o
 .text.dhcp_fine_tmr
                0x00000000080115a0       0x34 build/dhcp.o
                0x00000000080115a0                dhcp_fine_tmr
 .text.icmp_send_response
                0x00000000080115d4       0xa8 build/icmp.o
 .text.icmp_input
                0x000000000801167c      0x148 build/icmp.o
                0x000000000801167c                icmp_input
 .text.icmp_dest_unreach
                0x00000000080117c4        0xc build/icmp.o
                0x00000000080117c4                icmp_dest_unreach
 .text.icmp_time_exceeded
                0x00000000080117d0        0xc build/icmp.o
                0x00000000080117d0                icmp_time_exceeded
 .text.ip4_input_accept
                0x00000000080117dc       0x34 build/ip4.o
 .text.ip4_route
                0x0000000008011810       0x68 build/ip4.o
                0x0000000008011810                ip4_route
 .text.ip4_input
                0x0000000008011878      0x1b8 build/ip4.o
                0x0000000008011878                ip4_input
 .text.ip4_output_if_src
                0x0000000008011a30      0x100 build/ip4.o
                0x0000000008011a30                ip4_output_if_src
 .text.ip4_output_if
                0x0000000008011b30       0x2a build/ip4.o
                0x0000000008011b30                ip4_output_if
 *fill*         0x0000000008011b5a        0x2 
 .text.etharp_free_entry
                0x0000000008011b5c       0x34 build/etharp.o
 .text.etharp_find_entry
                0x0000000008011b90      0x1c0 build/etharp.o
 .text.etharp_update_arp_entry
                0x0000000008011d50       0xbc build/etharp.o
 .text.etharp_raw
                0x0000000008011e0c       0xe8 build/etharp.o
 .text.etharp_request_dst
                0x0000000008011ef4       0x28 build/etharp.o
 .text.etharp_cleanup_netif
                0x0000000008011f1c       0x3c build/etharp.o
                0x0000000008011f1c                etharp_cleanup_netif
 .text.etharp_input
                0x0000000008011f58       0xc8 build/etharp.o
                0x0000000008011f58                etharp_input
 .text.etharp_request
                0x0000000008012020       0x10 build/etharp.o
                0x0000000008012020                etharp_request
 .text.etharp_tmr
                0x0000000008012030       0x88 build/etharp.o
                0x0000000008012030                etharp_tmr
 .text.etharp_output_to_arp_index
                0x00000000080120b8       0xdc build/etharp.o
 .text.etharp_query
                0x0000000008012194      0x1b4 build/etharp.o
                0x0000000008012194                etharp_query
 .text.etharp_output
                0x0000000008012348      0x168 build/etharp.o
                0x0000000008012348                etharp_output
 .text.sys_mbox_new
                0x00000000080124b0       0x1c build/sys_arch.o
                0x00000000080124b0                sys_mbox_new
 .text.sys_mbox_free
                0x00000000080124cc       0x12 build/sys_arch.o
                0x00000000080124cc                sys_mbox_free
 .text.sys_mbox_trypost
                0x00000000080124de       0x20 build/sys_arch.o
                0x00000000080124de                sys_mbox_trypost
 .text.sys_arch_mbox_fetch
                0x00000000080124fe       0x42 build/sys_arch.o
                0x00000000080124fe                sys_arch_mbox_fetch
 .text.sys_arch_mbox_tryfetch
                0x0000000008012540       0x16 build/sys_arch.o
                0x0000000008012540                sys_arch_mbox_tryfetch
 .text.sys_mbox_valid
                0x0000000008012556        0xc build/sys_arch.o
                0x0000000008012556                sys_mbox_valid
 .text.sys_mbox_set_invalid
                0x0000000008012562        0x6 build/sys_arch.o
                0x0000000008012562                sys_mbox_set_invalid
 .text.sys_sem_new
                0x0000000008012568       0x2a build/sys_arch.o
                0x0000000008012568                sys_sem_new
 .text.sys_arch_sem_wait
                0x0000000008012592       0x3c build/sys_arch.o
                0x0000000008012592                sys_arch_sem_wait
 .text.sys_sem_signal
                0x00000000080125ce        0xa build/sys_arch.o
                0x00000000080125ce                sys_sem_signal
 .text.sys_sem_free
                0x00000000080125d8        0xa build/sys_arch.o
                0x00000000080125d8                sys_sem_free
 .text.sys_sem_valid
                0x00000000080125e2        0xc build/sys_arch.o
                0x00000000080125e2                sys_sem_valid
 .text.sys_sem_set_invalid
                0x00000000080125ee        0x6 build/sys_arch.o
                0x00000000080125ee                sys_sem_set_invalid
 .text.sys_init
                0x00000000080125f4       0x14 build/sys_arch.o
                0x00000000080125f4                sys_init
 .text.sys_mutex_new
                0x0000000008012608       0x18 build/sys_arch.o
                0x0000000008012608                sys_mutex_new
 .text.sys_mutex_lock
                0x0000000008012620        0xe build/sys_arch.o
                0x0000000008012620                sys_mutex_lock
 .text.sys_mutex_unlock
                0x000000000801262e        0xa build/sys_arch.o
                0x000000000801262e                sys_mutex_unlock
 .text.sys_thread_new
                0x0000000008012638       0x2c build/sys_arch.o
                0x0000000008012638                sys_thread_new
 .text.sys_arch_protect
                0x0000000008012664       0x18 build/sys_arch.o
                0x0000000008012664                sys_arch_protect
 .text.sys_arch_unprotect
                0x000000000801267c       0x10 build/sys_arch.o
                0x000000000801267c                sys_arch_unprotect
 .text.Reset_Handler
                0x000000000801268c       0x50 build/startup_stm32f429xx.o
                0x000000000801268c                Reset_Handler
 .text.Default_Handler
                0x00000000080126dc        0x2 build/startup_stm32f429xx.o
                0x00000000080126dc                RTC_Alarm_IRQHandler
                0x00000000080126dc                HASH_RNG_IRQHandler
                0x00000000080126dc                EXTI2_IRQHandler
                0x00000000080126dc                TIM8_CC_IRQHandler
                0x00000000080126dc                UART8_IRQHandler
                0x00000000080126dc                SPI4_IRQHandler
                0x00000000080126dc                TIM1_CC_IRQHandler
                0x00000000080126dc                DMA2_Stream5_IRQHandler
                0x00000000080126dc                DMA1_Stream5_IRQHandler
                0x00000000080126dc                PVD_IRQHandler
                0x00000000080126dc                SDIO_IRQHandler
                0x00000000080126dc                TAMP_STAMP_IRQHandler
                0x00000000080126dc                CAN2_RX1_IRQHandler
                0x00000000080126dc                EXTI3_IRQHandler
                0x00000000080126dc                TIM8_TRG_COM_TIM14_IRQHandler
                0x00000000080126dc                TIM1_UP_TIM10_IRQHandler
                0x00000000080126dc                TIM8_UP_TIM13_IRQHandler
                0x00000000080126dc                I2C3_ER_IRQHandler
                0x00000000080126dc                EXTI0_IRQHandler
                0x00000000080126dc                I2C2_EV_IRQHandler
                0x00000000080126dc                DMA1_Stream2_IRQHandler
                0x00000000080126dc                CAN1_RX0_IRQHandler
                0x00000000080126dc                FPU_IRQHandler
                0x00000000080126dc                OTG_HS_WKUP_IRQHandler
                0x00000000080126dc                LTDC_ER_IRQHandler
                0x00000000080126dc                CAN2_SCE_IRQHandler
                0x00000000080126dc                DMA2_Stream2_IRQHandler
                0x00000000080126dc                SPI1_IRQHandler
                0x00000000080126dc                TIM6_DAC_IRQHandler
                0x00000000080126dc                TIM1_BRK_TIM9_IRQHandler
                0x00000000080126dc                DCMI_IRQHandler
                0x00000000080126dc                CAN2_RX0_IRQHandler
                0x00000000080126dc                DMA2_Stream3_IRQHandler
                0x00000000080126dc                USART6_IRQHandler
                0x00000000080126dc                USART3_IRQHandler
                0x00000000080126dc                CAN1_RX1_IRQHandler
                0x00000000080126dc                UART5_IRQHandler
                0x00000000080126dc                DMA2_Stream0_IRQHandler
                0x00000000080126dc                TIM4_IRQHandler
                0x00000000080126dc                I2C1_EV_IRQHandler
                0x00000000080126dc                DMA1_Stream6_IRQHandler
                0x00000000080126dc                DMA1_Stream1_IRQHandler
                0x00000000080126dc                UART4_IRQHandler
                0x00000000080126dc                TIM3_IRQHandler
                0x00000000080126dc                RCC_IRQHandler
                0x00000000080126dc                TIM8_BRK_TIM12_IRQHandler
                0x00000000080126dc                Default_Handler
                0x00000000080126dc                EXTI15_10_IRQHandler
                0x00000000080126dc                ADC_IRQHandler
                0x00000000080126dc                DMA1_Stream7_IRQHandler
                0x00000000080126dc                SPI5_IRQHandler
                0x00000000080126dc                TIM7_IRQHandler
                0x00000000080126dc                CAN2_TX_IRQHandler
                0x00000000080126dc                TIM5_IRQHandler
                0x00000000080126dc                DMA2_Stream7_IRQHandler
                0x00000000080126dc                I2C3_EV_IRQHandler
                0x00000000080126dc                EXTI9_5_IRQHandler
                0x00000000080126dc                RTC_WKUP_IRQHandler
                0x00000000080126dc                LTDC_IRQHandler
                0x00000000080126dc                ETH_WKUP_IRQHandler
                0x00000000080126dc                SPI2_IRQHandler
                0x00000000080126dc                OTG_HS_EP1_IN_IRQHandler
                0x00000000080126dc                DMA1_Stream0_IRQHandler
                0x00000000080126dc                CAN1_TX_IRQHandler
                0x00000000080126dc                EXTI4_IRQHandler
                0x00000000080126dc                OTG_HS_EP1_OUT_IRQHandler
                0x00000000080126dc                WWDG_IRQHandler
                0x00000000080126dc                SPI6_IRQHandler
                0x00000000080126dc                TIM2_IRQHandler
                0x00000000080126dc                OTG_FS_WKUP_IRQHandler
                0x00000000080126dc                TIM1_TRG_COM_TIM11_IRQHandler
                0x00000000080126dc                OTG_HS_IRQHandler
                0x00000000080126dc                DMA2D_IRQHandler
                0x00000000080126dc                EXTI1_IRQHandler
                0x00000000080126dc                UART7_IRQHandler
                0x00000000080126dc                USART2_IRQHandler
                0x00000000080126dc                I2C2_ER_IRQHandler
                0x00000000080126dc                DMA2_Stream1_IRQHandler
                0x00000000080126dc                CAN1_SCE_IRQHandler
                0x00000000080126dc                FLASH_IRQHandler
                0x00000000080126dc                DMA2_Stream4_IRQHandler
                0x00000000080126dc                USART1_IRQHandler
                0x00000000080126dc                OTG_FS_IRQHandler
                0x00000000080126dc                SPI3_IRQHandler
                0x00000000080126dc                DMA1_Stream4_IRQHandler
                0x00000000080126dc                I2C1_ER_IRQHandler
                0x00000000080126dc                FMC_IRQHandler
                0x00000000080126dc                DMA2_Stream6_IRQHandler
                0x00000000080126dc                SAI1_IRQHandler
                0x00000000080126dc                DMA1_Stream3_IRQHandler
 *(.glue_7)
 .glue_7        0x00000000080126de        0x0 linker stubs
 *(.glue_7t)
 .glue_7t       0x00000000080126de        0x0 linker stubs
 *(.eh_frame)
 *fill*         0x00000000080126de        0x2 
 .eh_frame      0x00000000080126e0        0x0 /usr/lib/gcc/arm-none-eabi/9.2.1/thumb/v7e-m+fp/hard/crtbegin.o
 *(.init)
 .init          0x00000000080126e0        0x4 /usr/lib/gcc/arm-none-eabi/9.2.1/thumb/v7e-m+fp/hard/crti.o
                0x00000000080126e0                _init
 .init          0x00000000080126e4        0x8 /usr/lib/gcc/arm-none-eabi/9.2.1/thumb/v7e-m+fp/hard/crtn.o
 *(.fini)
 .fini          0x00000000080126ec        0x4 /usr/lib/gcc/arm-none-eabi/9.2.1/thumb/v7e-m+fp/hard/crti.o
                0x00000000080126ec                _fini
 .fini          0x00000000080126f0        0x8 /usr/lib/gcc/arm-none-eabi/9.2.1/thumb/v7e-m+fp/hard/crtn.o
                0x00000000080126f8                . = ALIGN (0x4)
                0x00000000080126f8                _etext = .

.vfp11_veneer   0x00000000080126f8        0x0
 .vfp11_veneer  0x00000000080126f8        0x0 linker stubs

.v4_bx          0x00000000080126f8        0x0
 .v4_bx         0x00000000080126f8        0x0 linker stubs

.iplt           0x00000000080126f8        0x0
 .iplt          0x00000000080126f8        0x0 /usr/lib/gcc/arm-none-eabi/9.2.1/thumb/v7e-m+fp/hard/crtbegin.o

.rodata         0x00000000080126f8     0x34d0
                0x00000000080126f8                . = ALIGN (0x4)
 *(.rodata)
 .rodata        0x00000000080126f8        0x4 /usr/lib/gcc/arm-none-eabi/9.2.1/../../../arm-none-eabi/lib/thumb/v7e-m+fp/hard/libc_nano.a(lib_a-impure.o)
                0x00000000080126f8                _global_impure_ptr
 .rodata        0x00000000080126fc       0x60 /usr/lib/gcc/arm-none-eabi/9.2.1/../../../arm-none-eabi/lib/thumb/v7e-m+fp/hard/libc_nano.a(lib_a-findfp.o)
                0x00000000080126fc                __sf_fake_stderr
                0x000000000801271c                __sf_fake_stdout
                0x000000000801273c                __sf_fake_stdin
 *(.rodata*)
 .rodata.StartDefaultTask.str1.4
                0x000000000801275c       0x3e build/main.o
 *fill*         0x000000000801279a        0x2 
 .rodata.str1.4
                0x000000000801279c        0xc build/main.o
 .rodata.defaultTask_attributes
                0x00000000080127a8       0x24 build/main.o
                0x00000000080127a8                defaultTask_attributes
 .rodata.MX_LWIP_Init.str1.4
                0x00000000080127cc       0x18 build/lwip.o
 .rodata.low_level_init.str1.4
                0x00000000080127e4        0x6 build/ethernetif.o
 *fill*         0x00000000080127ea        0x2 
 .rodata.ethernetif_init.str1.4
                0x00000000080127ec       0x4c build/ethernetif.o
 .rodata.AHBPrescTable
                0x0000000008012838       0x10 build/system_stm32f4xx.o
                0x0000000008012838                AHBPrescTable
 .rodata.APBPrescTable
                0x0000000008012848        0x8 build/system_stm32f4xx.o
                0x0000000008012848                APBPrescTable
 .rodata.vTaskStartScheduler.str1.4
                0x0000000008012850        0x5 build/tasks.o
 *fill*         0x0000000008012855        0x3 
 .rodata.prvCheckForValidListAndQueue.str1.4
                0x0000000008012858        0x5 build/timers.o
 *fill*         0x000000000801285d        0x3 
 .rodata.xTimerCreateTimerTask.str1.4
                0x0000000008012860        0x8 build/timers.o
 .rodata.ethernet_output.str1.4
                0x0000000008012868       0x65 build/ethernet.o
                                         0x90 (size before relaxing)
 *fill*         0x00000000080128cd        0x3 
 .rodata.ethbroadcast
                0x00000000080128d0        0x6 build/ethernet.o
                0x00000000080128d0                ethbroadcast
 *fill*         0x00000000080128d6        0x2 
 .rodata.ethzero
                0x00000000080128d8        0x6 build/ethernet.o
                0x00000000080128d8                ethzero
 *fill*         0x00000000080128de        0x2 
 .rodata.netconn_tcp_recvd_msg.str1.4
                0x00000000080128e0       0x54 build/api_lib.o
                                         0x7c (size before relaxing)